// Jest Snapshot v1, https://goo.gl/fbAQLP

exports[`ReportProblemModal renders correctly 1`] = `
<Modal
  animationType="slide"
  onRequestClose={[Function]}
  testID="com.ariesbifold:id/ReportProblemModal"
  transparent={true}
  visible={true}
>
  <View
    onLayout={[Function]}
    style={
      [
        {
          "flex": 1,
        },
        {
          "paddingBottom": 0,
        },
      ]
    }
  >
    <View
      style={
        {
          "backgroundColor": "rgba(0, 0, 0, 0.5)",
          "flex": 1,
          "justifyContent": "flex-end",
        }
      }
    >
      <View
        accessibilityLabel="Global.Close"
        accessibilityRole="button"
        accessibilityState={
          {
            "busy": undefined,
            "checked": undefined,
            "disabled": undefined,
            "expanded": undefined,
            "selected": undefined,
          }
        }
        accessibilityValue={
          {
            "max": undefined,
            "min": undefined,
            "now": undefined,
            "text": undefined,
          }
        }
        accessible={true}
        collapsable={false}
        focusable={true}
        onBlur={[Function]}
        onClick={[Function]}
        onFocus={[Function]}
        onResponderGrant={[Function]}
        onResponderMove={[Function]}
        onResponderRelease={[Function]}
        onResponderTerminate={[Function]}
        onResponderTerminationRequest={[Function]}
        onStartShouldSetResponder={[Function]}
        style={
          {
            "bottom": 0,
            "left": 0,
            "position": "absolute",
            "right": 0,
            "top": 0,
          }
        }
      />
      <View
        style={
          {
            "backgroundColor": "#F2F2F2",
            "borderTopLeftRadius": 16,
            "borderTopRightRadius": 16,
            "maxHeight": "90%",
          }
        }
      >
        <View
          style={
            {
              "alignItems": "center",
              "flexDirection": "row",
              "justifyContent": "space-between",
              "paddingHorizontal": 16,
              "paddingTop": 16,
            }
          }
        >
          <Text
            maxFontSizeMultiplier={2}
            style={
              [
                {
                  "color": "#313132",
                  "fontFamily": "BCSans-Regular",
                  "fontSize": 26,
                  "fontWeight": "bold",
                },
                undefined,
              ]
            }
          >
            BCSC.ReportProblem.Title
          </Text>
          <View
            accessibilityLabel="Global.Close"
            accessibilityRole="button"
            accessibilityState={
              {
                "busy": undefined,
                "checked": undefined,
                "disabled": undefined,
                "expanded": undefined,
                "selected": undefined,
              }
            }
            accessibilityValue={
              {
                "max": undefined,
                "min": undefined,
                "now": undefined,
                "text": undefined,
              }
            }
            accessible={true}
            collapsable={false}
            focusable={true}
            hitSlop={
              {
                "bottom": 44,
                "left": 44,
                "right": 44,
                "top": 44,
              }
            }
            onBlur={[Function]}
            onClick={[Function]}
            onFocus={[Function]}
            onResponderGrant={[Function]}
            onResponderMove={[Function]}
            onResponderRelease={[Function]}
            onResponderTerminate={[Function]}
            onResponderTerminationRequest={[Function]}
            onStartShouldSetResponder={[Function]}
            testID="com.ariesbifold:id/ReportProblemClose"
          >
            <Text
              allowFontScaling={false}
              selectable={false}
              style={
                [
                  {
                    "color": "#FFFFFF",
                    "fontSize": 24,
                  },
                  undefined,
                  {
                    "fontFamily": "Material Icons",
                    "fontStyle": "normal",
                    "fontWeight": "normal",
                  },
                  {},
                ]
              }
            >
              
            </Text>
          </View>
        </View>
        <RCTScrollView
          contentContainerStyle={
            [
              {
                "gap": 16,
                "padding": 16,
              },
              {
                "paddingBottom": 16,
              },
            ]
          }
          keyboardShouldPersistTaps="handled"
        >
          <View>
            <Text
              maxFontSizeMultiplier={2}
              style={
                [
                  {
                    "color": "#313132",
                    "fontFamily": "BCSans-Regular",
                    "fontSize": 18,
                    "fontWeight": "normal",
                  },
                  undefined,
                ]
              }
            >
              BCSC.ReportProblem.Intro
            </Text>
            <View>
              <Text
                maxFontSizeMultiplier={2}
                style={
                  [
                    {
                      "color": "#313132",
                      "fontFamily": "BCSans-Regular",
                      "fontSize": 18,
                      "fontWeight": "bold",
                    },
                    {
                      "marginBottom": 8,
                    },
                  ]
                }
              >
                BCSC.ReportProblem.DescriptionLabel
              </Text>
              <TextInput
                accessibilityLabel="BCSC.ReportProblem.DescriptionLabel"
                maxLength={500}
                multiline={true}
                onChangeText={[Function]}
                placeholder="BCSC.ReportProblem.DescriptionPlaceholder"
                placeholderTextColor="#606060"
                style={
                  {
                    "borderColor": "#606060",
                    "borderRadius": 8,
                    "borderWidth": 1,
                    "color": "#313132",
                    "fontFamily": "BCSans-Regular",
                    "fontSize": 18,
                    "fontWeight": "normal",
                    "minHeight": 96,
                    "padding": 8,
                    "textAlignVertical": "top",
                  }
                }
                testID="com.ariesbifold:id/ReportProblemDescription"
                value=""
              />
            </View>
            <Text
              maxFontSizeMultiplier={2}
              style={
                [
                  {
                    "color": "#313132",
                    "fontFamily": "BCSans-Regular",
                    "fontSize": 18,
                    "fontWeight": "normal",
                  },
                  {
                    "color": "#313132",
                  },
                ]
              }
            >
              BCSC.ReportProblem.CollectionNotice
               
              <Text
                accessibilityLabel="BCSC.ReportProblem.PrivacyPolicyLink"
                accessibilityRole="link"
                accessible={true}
                maxFontSizeMultiplier={2}
                onPress={[Function]}
                style={
                  [
                    {
                      "color": "#313132",
                      "fontFamily": "BCSans-Regular",
                      "fontSize": 18,
                      "fontWeight": "normal",
                    },
                    [
                      {
                        "alignSelf": "flex-start",
                        "color": "#1A5A96",
                        "textDecorationLine": "underline",
                      },
                      {},
                    ],
                  ]
                }
                testID="com.ariesbifold:id/BCSC.ReportProblem.PrivacyPolicyLink"
              >
                BCSC.ReportProblem.PrivacyPolicyLink
              </Text>
            </Text>
            <View
              style={
                {
                  "alignItems": "center",
                  "flexDirection": "row",
                  "margin": 10,
                }
              }
            >
              <View
                accessibilityLabel="BCSC.ReportProblem.ConsentCheckbox"
                accessibilityRole="checkbox"
                accessibilityState={
                  {
                    "busy": undefined,
                    "checked": false,
                    "disabled": undefined,
                    "expanded": undefined,
                    "selected": undefined,
                  }
                }
                accessibilityValue={
                  {
                    "max": undefined,
                    "min": undefined,
                    "now": undefined,
                    "text": undefined,
                  }
                }
                accessible={true}
                collapsable={false}
                focusable={true}
                hitSlop={
                  {
                    "bottom": 44,
                    "left": 44,
                    "right": 44,
                    "top": 44,
                  }
                }
                onClick={[Function]}
                onResponderGrant={[Function]}
                onResponderMove={[Function]}
                onResponderRelease={[Function]}
                onResponderTerminate={[Function]}
                onResponderTerminationRequest={[Function]}
                onStartShouldSetResponder={[Function]}
                style={
                  {
                    "opacity": 1,
                  }
                }
                testID="com.ariesbifold:id/ReportProblemConsent"
              >
                <Text
                  allowFontScaling={false}
                  selectable={false}
                  style={
                    [
                      {
                        "color": "#003366",
                        "fontSize": 36,
                      },
                      undefined,
                      {
                        "fontFamily": "Material Icons",
                        "fontStyle": "normal",
                        "fontWeight": "normal",
                      },
                      {},
                    ]
                  }
                >
                  
                </Text>
              </View>
              <Text
                maxFontSizeMultiplier={2}
                style={
                  [
                    {
                      "color": "#313132",
                      "fontFamily": "BCSans-Regular",
                      "fontSize": 18,
                      "fontWeight": "normal",
                    },
                    [
                      {
                        "color": "#313132",
                        "flexShrink": 1,
                        "fontFamily": "BCSans-Regular",
                        "fontSize": 18,
                        "fontWeight": "normal",
                        "marginLeft": 10,
                        "marginRight": 0,
                      },
                      {},
                    ],
                  ]
                }
              >
                BCSC.ReportProblem.ConsentCheckbox
              </Text>
            </View>
            <View
              accessibilityLabel="BCSC.ReportProblem.Submit"
              accessibilityRole="button"
              accessibilityState={
                {
                  "busy": undefined,
                  "checked": undefined,
                  "disabled": true,
                  "expanded": undefined,
                  "selected": undefined,
                }
              }
              accessibilityValue={
                {
                  "max": undefined,
                  "min": undefined,
                  "now": undefined,
                  "text": undefined,
                }
              }
              accessible={true}
              collapsable={false}
              focusable={false}
              onClick={[Function]}
              onResponderGrant={[Function]}
              onResponderMove={[Function]}
              onResponderRelease={[Function]}
              onResponderTerminate={[Function]}
              onResponderTerminationRequest={[Function]}
              onStartShouldSetResponder={[Function]}
              style={
                {
                  "backgroundColor": "#757575",
                  "borderRadius": 4,
                  "opacity": 1,
                  "padding": 16,
                }
              }
              testID="com.ariesbifold:id/ReportProblemSubmit"
            >
              <View
                style={
                  {
                    "alignItems": "center",
                    "flexDirection": "row",
                    "justifyContent": "center",
                  }
                }
              >
                <Text
                  maxFontSizeMultiplier={2}
                  style={
                    [
                      {
                        "color": "#313132",
                        "fontFamily": "BCSans-Regular",
                        "fontSize": 18,
                        "fontWeight": "normal",
                      },
                      [
                        {
                          "color": "#FFFFFF",
                          "fontFamily": "BCSans-Regular",
                          "fontSize": 18,
                          "fontWeight": "bold",
                          "textAlign": "center",
                        },
                        {
                          "color": "#FFFFFF",
                          "fontFamily": "BCSans-Regular",
                          "fontSize": 18,
                          "fontWeight": "bold",
                          "textAlign": "center",
                        },
                        false,
                      ],
                    ]
                  }
                >
                  BCSC.ReportProblem.Submit
                </Text>
              </View>
            </View>
          </View>
        </RCTScrollView>
      </View>
    </View>
  </View>
</Modal>
`;
