// Jest Snapshot v1, https://goo.gl/fbAQLP

exports[`AccountRenewalFirstWarning renders correctly 1`] = `
<RNCSafeAreaView
  edges={
    {
      "bottom": "additive",
      "left": "additive",
      "right": "additive",
      "top": "off",
    }
  }
  style={
    {
      "flex": 1,
    }
  }
>
  <RCTScrollView
    contentContainerStyle={
      {
        "gap": 24,
        "padding": 16,
      }
    }
  >
    <View>
      <Text
        maxFontSizeMultiplier={2}
        style={
          [
            {
              "color": "#313132",
              "fontFamily": "BCSans-Regular",
              "fontSize": 26,
              "fontWeight": "bold",
            },
            undefined,
          ]
        }
      >
        BCSC.AccountRenewal.RenewalTimeHeader
      </Text>
      <Text
        maxFontSizeMultiplier={2}
        style={
          [
            {
              "color": "#313132",
              "fontFamily": "BCSans-Regular",
              "fontSize": 18,
              "fontWeight": "normal",
            },
            undefined,
          ]
        }
      >
        BCSC.AccountRenewal.RenewalTimeContentA
      </Text>
      <Text
        maxFontSizeMultiplier={2}
        style={
          [
            {
              "color": "#313132",
              "fontFamily": "BCSans-Regular",
              "fontSize": 18,
              "fontWeight": "bold",
            },
            undefined,
          ]
        }
      >
        BCSC.AccountRenewal.RenewalTimeContentB
      </Text>
      <Text
        maxFontSizeMultiplier={2}
        style={
          [
            {
              "color": "#313132",
              "fontFamily": "BCSans-Regular",
              "fontSize": 18,
              "fontWeight": "normal",
            },
            undefined,
          ]
        }
      >
        BCSC.AccountRenewal.RenewalTimeContentC
      </Text>
    </View>
  </RCTScrollView>
  <View
    style={
      {
        "gap": 8,
        "padding": 16,
      }
    }
  >
    <View
      accessibilityLabel="Global.Continue"
      accessibilityRole="button"
      accessibilityState={
        {
          "busy": undefined,
          "checked": undefined,
          "disabled": false,
          "expanded": undefined,
          "selected": undefined,
        }
      }
      accessibilityValue={
        {
          "max": undefined,
          "min": undefined,
          "now": undefined,
          "text": undefined,
        }
      }
      accessible={true}
      collapsable={false}
      focusable={true}
      onClick={[Function]}
      onResponderGrant={[Function]}
      onResponderMove={[Function]}
      onResponderRelease={[Function]}
      onResponderTerminate={[Function]}
      onResponderTerminationRequest={[Function]}
      onStartShouldSetResponder={[Function]}
      style={
        {
          "backgroundColor": "#003366",
          "borderRadius": 4,
          "opacity": 1,
          "padding": 16,
        }
      }
      testID="com.ariesbifold:id/Global.Continue"
    >
      <View
        style={
          {
            "alignItems": "center",
            "flexDirection": "row",
            "justifyContent": "center",
          }
        }
      >
        <Text
          maxFontSizeMultiplier={2}
          style={
            [
              {
                "color": "#313132",
                "fontFamily": "BCSans-Regular",
                "fontSize": 18,
                "fontWeight": "normal",
              },
              [
                {
                  "color": "#FFFFFF",
                  "fontFamily": "BCSans-Regular",
                  "fontSize": 18,
                  "fontWeight": "bold",
                  "textAlign": "center",
                },
                false,
                false,
                false,
              ],
            ]
          }
        >
          Global.Continue
        </Text>
      </View>
    </View>
  </View>
</RNCSafeAreaView>
`;
