// Jest Snapshot v1, https://goo.gl/fbAQLP

exports[`ConfirmDeviceAuthInfoScreen renders correctly 1`] = `
<RNCSafeAreaView
  edges={
    {
      "bottom": "additive",
      "left": "additive",
      "right": "additive",
      "top": "off",
    }
  }
  style={
    [
      {
        "backgroundColor": "#F2F2F2",
        "flex": 1,
      },
      undefined,
    ]
  }
>
  <View
    onLayout={[Function]}
    style={
      [
        {
          "flex": 1,
        },
        {
          "paddingBottom": 0,
        },
      ]
    }
  >
    <RCTScrollView
      contentContainerStyle={
        [
          {
            "flexGrow": 1,
          },
          undefined,
        ]
      }
      keyboardShouldPersistTaps="handled"
      showsVerticalScrollIndicator={false}
    >
      <View>
        <View
          style={
            [
              {
                "padding": 16,
              },
              {
                "gap": 24,
              },
            ]
          }
        >
          <Text
            maxFontSizeMultiplier={2}
            style={
              [
                {
                  "color": "#313132",
                  "fontFamily": "BCSans-Regular",
                  "fontSize": 26,
                  "fontWeight": "bold",
                },
                undefined,
              ]
            }
          >
            Confirm it's your device
          </Text>
          <Text
            maxFontSizeMultiplier={2}
            style={
              [
                {
                  "color": "#313132",
                  "fontFamily": "BCSans-Regular",
                  "fontSize": 18,
                  "fontWeight": "normal",
                },
                undefined,
              ]
            }
          >
            Each time you open this app you'll be asked for the passcode you regularly use to unlock your device. Or for Touch ID or Face ID if you use it.
          </Text>
          <Text
            maxFontSizeMultiplier={2}
            style={
              [
                {
                  "color": "#313132",
                  "fontFamily": "BCSans-Regular",
                  "fontSize": 18,
                  "fontWeight": "bold",
                },
                undefined,
              ]
            }
          >
            Your passcode, Touch ID, or Face ID never leaves this device. It's never shared with this app.
          </Text>
        </View>
        <View
          style={
            [
              [
                {
                  "gap": 16,
                },
                {
                  "paddingBottom": 16,
                  "paddingHorizontal": 16,
                },
                undefined,
              ],
              {
                "marginTop": "auto",
              },
            ]
          }
        >
          <View
            style={
              {
                "alignItems": "center",
                "flex": 1,
                "flexDirection": "row-reverse",
                "margin": 10,
              }
            }
          >
            <View
              accessibilityLabel="Terms.IAgree"
              accessibilityRole="checkbox"
              accessibilityState={
                {
                  "busy": undefined,
                  "checked": false,
                  "disabled": undefined,
                  "expanded": undefined,
                  "selected": undefined,
                }
              }
              accessibilityValue={
                {
                  "max": undefined,
                  "min": undefined,
                  "now": undefined,
                  "text": undefined,
                }
              }
              accessible={true}
              collapsable={false}
              focusable={true}
              hitSlop={
                {
                  "bottom": 44,
                  "left": 44,
                  "right": 44,
                  "top": 44,
                }
              }
              onClick={[Function]}
              onResponderGrant={[Function]}
              onResponderMove={[Function]}
              onResponderRelease={[Function]}
              onResponderTerminate={[Function]}
              onResponderTerminationRequest={[Function]}
              onStartShouldSetResponder={[Function]}
              style={
                {
                  "opacity": 1,
                }
              }
              testID="com.ariesbifold:id/IAgree"
            >
              <Text
                allowFontScaling={false}
                selectable={false}
                style={
                  [
                    {
                      "color": "#003366",
                      "fontSize": 36,
                    },
                    undefined,
                    {
                      "fontFamily": "Material Icons",
                      "fontStyle": "normal",
                      "fontWeight": "normal",
                    },
                    {},
                  ]
                }
              >
                
              </Text>
            </View>
            <Text
              maxFontSizeMultiplier={2}
              style={
                [
                  {
                    "color": "#313132",
                    "fontFamily": "BCSans-Regular",
                    "fontSize": 18,
                    "fontWeight": "normal",
                  },
                  [
                    {
                      "color": "#313132",
                      "flexShrink": 1,
                      "fontFamily": "BCSans-Regular",
                      "fontSize": 18,
                      "fontWeight": "normal",
                      "marginLeft": 0,
                      "marginRight": 10,
                    },
                    {
                      "textAlign": "right",
                    },
                  ],
                ]
              }
            >
              Preface.Confirmed
            </Text>
          </View>
          <View
            accessibilityLabel="Global.Continue"
            accessibilityRole="button"
            accessibilityState={
              {
                "busy": undefined,
                "checked": undefined,
                "disabled": false,
                "expanded": undefined,
                "selected": undefined,
              }
            }
            accessibilityValue={
              {
                "max": undefined,
                "min": undefined,
                "now": undefined,
                "text": undefined,
              }
            }
            accessible={true}
            collapsable={false}
            focusable={true}
            onClick={[Function]}
            onResponderGrant={[Function]}
            onResponderMove={[Function]}
            onResponderRelease={[Function]}
            onResponderTerminate={[Function]}
            onResponderTerminationRequest={[Function]}
            onStartShouldSetResponder={[Function]}
            style={
              {
                "backgroundColor": "#003366",
                "borderRadius": 4,
                "opacity": 1,
                "padding": 16,
              }
            }
            testID="com.ariesbifold:id/Continue"
          >
            <View
              style={
                {
                  "alignItems": "center",
                  "flexDirection": "row",
                  "justifyContent": "center",
                }
              }
            >
              <Text
                maxFontSizeMultiplier={2}
                style={
                  [
                    {
                      "color": "#313132",
                      "fontFamily": "BCSans-Regular",
                      "fontSize": 18,
                      "fontWeight": "normal",
                    },
                    [
                      {
                        "color": "#FFFFFF",
                        "fontFamily": "BCSans-Regular",
                        "fontSize": 18,
                        "fontWeight": "bold",
                        "textAlign": "center",
                      },
                      false,
                      false,
                      false,
                    ],
                  ]
                }
              >
                Global.Continue
              </Text>
            </View>
          </View>
        </View>
      </View>
    </RCTScrollView>
  </View>
</RNCSafeAreaView>
`;
