// Jest Snapshot v1, https://goo.gl/fbAQLP

exports[`IASApiBaseUrl Screen screen renders correctly 1`] = `
<RNCSafeAreaView
  edges={
    {
      "bottom": "additive",
      "left": "additive",
      "right": "additive",
      "top": "additive",
    }
  }
  style={
    {
      "backgroundColor": "#F2F2F2",
      "flex": 1,
      "width": "100%",
    }
  }
>
  <RCTScrollView
    ItemSeparatorComponent={[Function]}
    data={
      [
        "https://id.gov.bc.ca",
        "https://iddev.gov.bc.ca",
        "https://iddev2.gov.bc.ca",
        "https://idsit.gov.bc.ca",
        "https://idqa.gov.bc.ca",
        "https://idpreprod.gov.bc.ca",
        "https://idtest.gov.bc.ca",
      ]
    }
    getItem={[Function]}
    getItemCount={[Function]}
    keyExtractor={[Function]}
    onContentSizeChange={[Function]}
    onLayout={[Function]}
    onMomentumScrollBegin={[Function]}
    onMomentumScrollEnd={[Function]}
    onScroll={[Function]}
    onScrollBeginDrag={[Function]}
    onScrollEndDrag={[Function]}
    removeClippedSubviews={false}
    renderItem={[Function]}
    scrollEventThrottle={0.0001}
    stickyHeaderIndices={[]}
    viewabilityConfigCallbackPairs={[]}
  >
    <View>
      <View
        onFocusCapture={[Function]}
        onLayout={[Function]}
        style={null}
      >
        <View
          accessibilityState={
            {
              "busy": undefined,
              "checked": undefined,
              "disabled": undefined,
              "expanded": undefined,
              "selected": undefined,
            }
          }
          accessibilityValue={
            {
              "max": undefined,
              "min": undefined,
              "now": undefined,
              "text": undefined,
            }
          }
          accessible={true}
          collapsable={false}
          focusable={true}
          onClick={[Function]}
          onResponderGrant={[Function]}
          onResponderMove={[Function]}
          onResponderRelease={[Function]}
          onResponderTerminate={[Function]}
          onResponderTerminationRequest={[Function]}
          onStartShouldSetResponder={[Function]}
          style={
            {
              "alignItems": "center",
              "backgroundColor": "#FFFFFF",
              "flexDirection": "row",
              "justifyContent": "space-between",
              "opacity": 1,
              "paddingHorizontal": 25,
              "paddingVertical": 16,
            }
          }
          testID="com.ariesbifold:id/IASApiBaseUrl-https://id.gov.bc.ca"
        >
          <Text
            maxFontSizeMultiplier={2}
            style={
              [
                {
                  "color": "#313132",
                  "fontFamily": "BCSans-Regular",
                  "fontSize": 18,
                  "fontWeight": "normal",
                },
                {
                  "color": "#313132",
                  "fontFamily": "BCSans-Regular",
                  "fontSize": 20,
                  "fontWeight": "bold",
                },
              ]
            }
          >
            https://id.gov.bc.ca
          </Text>
          <View
            style={
              [
                {
                  "alignItems": "center",
                  "borderColor": "#003366",
                  "borderRadius": 10,
                  "borderWidth": 2,
                  "height": 20,
                  "justifyContent": "center",
                  "width": 20,
                },
                false,
              ]
            }
          />
        </View>
        <View
          style={
            {
              "backgroundColor": "#FFFFFF",
            }
          }
        >
          <View
            style={
              {
                "borderBottomColor": "#F2F2F2",
                "borderBottomWidth": 1,
                "marginHorizontal": 25,
              }
            }
          />
        </View>
      </View>
      <View
        onFocusCapture={[Function]}
        onLayout={[Function]}
        style={null}
      >
        <View
          accessibilityState={
            {
              "busy": undefined,
              "checked": undefined,
              "disabled": undefined,
              "expanded": undefined,
              "selected": undefined,
            }
          }
          accessibilityValue={
            {
              "max": undefined,
              "min": undefined,
              "now": undefined,
              "text": undefined,
            }
          }
          accessible={true}
          collapsable={false}
          focusable={true}
          onClick={[Function]}
          onResponderGrant={[Function]}
          onResponderMove={[Function]}
          onResponderRelease={[Function]}
          onResponderTerminate={[Function]}
          onResponderTerminationRequest={[Function]}
          onStartShouldSetResponder={[Function]}
          style={
            {
              "alignItems": "center",
              "backgroundColor": "#FFFFFF",
              "flexDirection": "row",
              "justifyContent": "space-between",
              "opacity": 1,
              "paddingHorizontal": 25,
              "paddingVertical": 16,
            }
          }
          testID="com.ariesbifold:id/IASApiBaseUrl-https://iddev.gov.bc.ca"
        >
          <Text
            maxFontSizeMultiplier={2}
            style={
              [
                {
                  "color": "#313132",
                  "fontFamily": "BCSans-Regular",
                  "fontSize": 18,
                  "fontWeight": "normal",
                },
                {
                  "color": "#313132",
                  "fontFamily": "BCSans-Regular",
                  "fontSize": 20,
                  "fontWeight": "bold",
                },
              ]
            }
          >
            https://iddev.gov.bc.ca
          </Text>
          <View
            style={
              [
                {
                  "alignItems": "center",
                  "borderColor": "#003366",
                  "borderRadius": 10,
                  "borderWidth": 2,
                  "height": 20,
                  "justifyContent": "center",
                  "width": 20,
                },
                false,
              ]
            }
          />
        </View>
        <View
          style={
            {
              "backgroundColor": "#FFFFFF",
            }
          }
        >
          <View
            style={
              {
                "borderBottomColor": "#F2F2F2",
                "borderBottomWidth": 1,
                "marginHorizontal": 25,
              }
            }
          />
        </View>
      </View>
      <View
        onFocusCapture={[Function]}
        onLayout={[Function]}
        style={null}
      >
        <View
          accessibilityState={
            {
              "busy": undefined,
              "checked": undefined,
              "disabled": undefined,
              "expanded": undefined,
              "selected": undefined,
            }
          }
          accessibilityValue={
            {
              "max": undefined,
              "min": undefined,
              "now": undefined,
              "text": undefined,
            }
          }
          accessible={true}
          collapsable={false}
          focusable={true}
          onClick={[Function]}
          onResponderGrant={[Function]}
          onResponderMove={[Function]}
          onResponderRelease={[Function]}
          onResponderTerminate={[Function]}
          onResponderTerminationRequest={[Function]}
          onStartShouldSetResponder={[Function]}
          style={
            {
              "alignItems": "center",
              "backgroundColor": "#FFFFFF",
              "flexDirection": "row",
              "justifyContent": "space-between",
              "opacity": 1,
              "paddingHorizontal": 25,
              "paddingVertical": 16,
            }
          }
          testID="com.ariesbifold:id/IASApiBaseUrl-https://iddev2.gov.bc.ca"
        >
          <Text
            maxFontSizeMultiplier={2}
            style={
              [
                {
                  "color": "#313132",
                  "fontFamily": "BCSans-Regular",
                  "fontSize": 18,
                  "fontWeight": "normal",
                },
                {
                  "color": "#313132",
                  "fontFamily": "BCSans-Regular",
                  "fontSize": 20,
                  "fontWeight": "bold",
                },
              ]
            }
          >
            https://iddev2.gov.bc.ca
          </Text>
          <View
            style={
              [
                {
                  "alignItems": "center",
                  "borderColor": "#003366",
                  "borderRadius": 10,
                  "borderWidth": 2,
                  "height": 20,
                  "justifyContent": "center",
                  "width": 20,
                },
                false,
              ]
            }
          />
        </View>
        <View
          style={
            {
              "backgroundColor": "#FFFFFF",
            }
          }
        >
          <View
            style={
              {
                "borderBottomColor": "#F2F2F2",
                "borderBottomWidth": 1,
                "marginHorizontal": 25,
              }
            }
          />
        </View>
      </View>
      <View
        onFocusCapture={[Function]}
        onLayout={[Function]}
        style={null}
      >
        <View
          accessibilityState={
            {
              "busy": undefined,
              "checked": undefined,
              "disabled": undefined,
              "expanded": undefined,
              "selected": undefined,
            }
          }
          accessibilityValue={
            {
              "max": undefined,
              "min": undefined,
              "now": undefined,
              "text": undefined,
            }
          }
          accessible={true}
          collapsable={false}
          focusable={true}
          onClick={[Function]}
          onResponderGrant={[Function]}
          onResponderMove={[Function]}
          onResponderRelease={[Function]}
          onResponderTerminate={[Function]}
          onResponderTerminationRequest={[Function]}
          onStartShouldSetResponder={[Function]}
          style={
            {
              "alignItems": "center",
              "backgroundColor": "#FFFFFF",
              "flexDirection": "row",
              "justifyContent": "space-between",
              "opacity": 1,
              "paddingHorizontal": 25,
              "paddingVertical": 16,
            }
          }
          testID="com.ariesbifold:id/IASApiBaseUrl-https://idsit.gov.bc.ca"
        >
          <Text
            maxFontSizeMultiplier={2}
            style={
              [
                {
                  "color": "#313132",
                  "fontFamily": "BCSans-Regular",
                  "fontSize": 18,
                  "fontWeight": "normal",
                },
                {
                  "color": "#313132",
                  "fontFamily": "BCSans-Regular",
                  "fontSize": 20,
                  "fontWeight": "bold",
                },
              ]
            }
          >
            https://idsit.gov.bc.ca
          </Text>
          <View
            style={
              [
                {
                  "alignItems": "center",
                  "borderColor": "#003366",
                  "borderRadius": 10,
                  "borderWidth": 2,
                  "height": 20,
                  "justifyContent": "center",
                  "width": 20,
                },
                {
                  "backgroundColor": "#003366",
                },
              ]
            }
          >
            <View
              style={
                {
                  "backgroundColor": "#FFFFFF",
                  "borderRadius": 5,
                  "height": 10,
                  "width": 10,
                }
              }
            />
          </View>
        </View>
        <View
          style={
            {
              "backgroundColor": "#FFFFFF",
            }
          }
        >
          <View
            style={
              {
                "borderBottomColor": "#F2F2F2",
                "borderBottomWidth": 1,
                "marginHorizontal": 25,
              }
            }
          />
        </View>
      </View>
      <View
        onFocusCapture={[Function]}
        onLayout={[Function]}
        style={null}
      >
        <View
          accessibilityState={
            {
              "busy": undefined,
              "checked": undefined,
              "disabled": undefined,
              "expanded": undefined,
              "selected": undefined,
            }
          }
          accessibilityValue={
            {
              "max": undefined,
              "min": undefined,
              "now": undefined,
              "text": undefined,
            }
          }
          accessible={true}
          collapsable={false}
          focusable={true}
          onClick={[Function]}
          onResponderGrant={[Function]}
          onResponderMove={[Function]}
          onResponderRelease={[Function]}
          onResponderTerminate={[Function]}
          onResponderTerminationRequest={[Function]}
          onStartShouldSetResponder={[Function]}
          style={
            {
              "alignItems": "center",
              "backgroundColor": "#FFFFFF",
              "flexDirection": "row",
              "justifyContent": "space-between",
              "opacity": 1,
              "paddingHorizontal": 25,
              "paddingVertical": 16,
            }
          }
          testID="com.ariesbifold:id/IASApiBaseUrl-https://idqa.gov.bc.ca"
        >
          <Text
            maxFontSizeMultiplier={2}
            style={
              [
                {
                  "color": "#313132",
                  "fontFamily": "BCSans-Regular",
                  "fontSize": 18,
                  "fontWeight": "normal",
                },
                {
                  "color": "#313132",
                  "fontFamily": "BCSans-Regular",
                  "fontSize": 20,
                  "fontWeight": "bold",
                },
              ]
            }
          >
            https://idqa.gov.bc.ca
          </Text>
          <View
            style={
              [
                {
                  "alignItems": "center",
                  "borderColor": "#003366",
                  "borderRadius": 10,
                  "borderWidth": 2,
                  "height": 20,
                  "justifyContent": "center",
                  "width": 20,
                },
                false,
              ]
            }
          />
        </View>
        <View
          style={
            {
              "backgroundColor": "#FFFFFF",
            }
          }
        >
          <View
            style={
              {
                "borderBottomColor": "#F2F2F2",
                "borderBottomWidth": 1,
                "marginHorizontal": 25,
              }
            }
          />
        </View>
      </View>
      <View
        onFocusCapture={[Function]}
        onLayout={[Function]}
        style={null}
      >
        <View
          accessibilityState={
            {
              "busy": undefined,
              "checked": undefined,
              "disabled": undefined,
              "expanded": undefined,
              "selected": undefined,
            }
          }
          accessibilityValue={
            {
              "max": undefined,
              "min": undefined,
              "now": undefined,
              "text": undefined,
            }
          }
          accessible={true}
          collapsable={false}
          focusable={true}
          onClick={[Function]}
          onResponderGrant={[Function]}
          onResponderMove={[Function]}
          onResponderRelease={[Function]}
          onResponderTerminate={[Function]}
          onResponderTerminationRequest={[Function]}
          onStartShouldSetResponder={[Function]}
          style={
            {
              "alignItems": "center",
              "backgroundColor": "#FFFFFF",
              "flexDirection": "row",
              "justifyContent": "space-between",
              "opacity": 1,
              "paddingHorizontal": 25,
              "paddingVertical": 16,
            }
          }
          testID="com.ariesbifold:id/IASApiBaseUrl-https://idpreprod.gov.bc.ca"
        >
          <Text
            maxFontSizeMultiplier={2}
            style={
              [
                {
                  "color": "#313132",
                  "fontFamily": "BCSans-Regular",
                  "fontSize": 18,
                  "fontWeight": "normal",
                },
                {
                  "color": "#313132",
                  "fontFamily": "BCSans-Regular",
                  "fontSize": 20,
                  "fontWeight": "bold",
                },
              ]
            }
          >
            https://idpreprod.gov.bc.ca
          </Text>
          <View
            style={
              [
                {
                  "alignItems": "center",
                  "borderColor": "#003366",
                  "borderRadius": 10,
                  "borderWidth": 2,
                  "height": 20,
                  "justifyContent": "center",
                  "width": 20,
                },
                false,
              ]
            }
          />
        </View>
        <View
          style={
            {
              "backgroundColor": "#FFFFFF",
            }
          }
        >
          <View
            style={
              {
                "borderBottomColor": "#F2F2F2",
                "borderBottomWidth": 1,
                "marginHorizontal": 25,
              }
            }
          />
        </View>
      </View>
      <View
        onFocusCapture={[Function]}
        onLayout={[Function]}
        style={null}
      >
        <View
          accessibilityState={
            {
              "busy": undefined,
              "checked": undefined,
              "disabled": undefined,
              "expanded": undefined,
              "selected": undefined,
            }
          }
          accessibilityValue={
            {
              "max": undefined,
              "min": undefined,
              "now": undefined,
              "text": undefined,
            }
          }
          accessible={true}
          collapsable={false}
          focusable={true}
          onClick={[Function]}
          onResponderGrant={[Function]}
          onResponderMove={[Function]}
          onResponderRelease={[Function]}
          onResponderTerminate={[Function]}
          onResponderTerminationRequest={[Function]}
          onStartShouldSetResponder={[Function]}
          style={
            {
              "alignItems": "center",
              "backgroundColor": "#FFFFFF",
              "flexDirection": "row",
              "justifyContent": "space-between",
              "opacity": 1,
              "paddingHorizontal": 25,
              "paddingVertical": 16,
            }
          }
          testID="com.ariesbifold:id/IASApiBaseUrl-https://idtest.gov.bc.ca"
        >
          <Text
            maxFontSizeMultiplier={2}
            style={
              [
                {
                  "color": "#313132",
                  "fontFamily": "BCSans-Regular",
                  "fontSize": 18,
                  "fontWeight": "normal",
                },
                {
                  "color": "#313132",
                  "fontFamily": "BCSans-Regular",
                  "fontSize": 20,
                  "fontWeight": "bold",
                },
              ]
            }
          >
            https://idtest.gov.bc.ca
          </Text>
          <View
            style={
              [
                {
                  "alignItems": "center",
                  "borderColor": "#003366",
                  "borderRadius": 10,
                  "borderWidth": 2,
                  "height": 20,
                  "justifyContent": "center",
                  "width": 20,
                },
                false,
              ]
            }
          />
        </View>
      </View>
    </View>
  </RCTScrollView>
  <View
    style={
      {
        "marginBottom": 20,
        "marginHorizontal": 20,
        "marginTop": "auto",
      }
    }
  >
    <View
      accessibilityLabel="Save IAS API Base URL"
      accessibilityRole="button"
      accessibilityState={
        {
          "busy": undefined,
          "checked": undefined,
          "disabled": true,
          "expanded": undefined,
          "selected": undefined,
        }
      }
      accessibilityValue={
        {
          "max": undefined,
          "min": undefined,
          "now": undefined,
          "text": undefined,
        }
      }
      accessible={true}
      collapsable={false}
      focusable={true}
      onClick={[Function]}
      onResponderGrant={[Function]}
      onResponderMove={[Function]}
      onResponderRelease={[Function]}
      onResponderTerminate={[Function]}
      onResponderTerminationRequest={[Function]}
      onStartShouldSetResponder={[Function]}
      style={
        {
          "backgroundColor": "#757575",
          "borderRadius": 4,
          "opacity": 1,
          "padding": 16,
        }
      }
      testID="com.ariesbifold:id/SaveIASApiBaseUrl"
    >
      <View
        style={
          {
            "alignItems": "center",
            "flexDirection": "row",
            "justifyContent": "center",
          }
        }
      >
        <Text
          maxFontSizeMultiplier={2}
          style={
            [
              {
                "color": "#313132",
                "fontFamily": "BCSans-Regular",
                "fontSize": 18,
                "fontWeight": "normal",
              },
              [
                {
                  "color": "#FFFFFF",
                  "fontFamily": "BCSans-Regular",
                  "fontSize": 18,
                  "fontWeight": "bold",
                  "textAlign": "center",
                },
                {
                  "color": "#FFFFFF",
                  "fontFamily": "BCSans-Regular",
                  "fontSize": 18,
                  "fontWeight": "bold",
                  "textAlign": "center",
                },
                false,
                false,
              ],
            ]
          }
        >
          Save
        </Text>
      </View>
    </View>
    <View
      style={
        {
          "marginTop": 10,
        }
      }
    >
      <View
        accessibilityLabel="Global.Cancel"
        accessibilityRole="button"
        accessibilityState={
          {
            "busy": undefined,
            "checked": undefined,
            "disabled": false,
            "expanded": undefined,
            "selected": undefined,
          }
        }
        accessibilityValue={
          {
            "max": undefined,
            "min": undefined,
            "now": undefined,
            "text": undefined,
          }
        }
        accessible={true}
        collapsable={false}
        focusable={true}
        onClick={[Function]}
        onResponderGrant={[Function]}
        onResponderMove={[Function]}
        onResponderRelease={[Function]}
        onResponderTerminate={[Function]}
        onResponderTerminationRequest={[Function]}
        onStartShouldSetResponder={[Function]}
        style={
          {
            "borderColor": "#003366",
            "borderRadius": 4,
            "borderWidth": 2,
            "opacity": 1,
            "padding": 16,
          }
        }
        testID="com.ariesbifold:id/CancelIASApiBaseUrl"
      >
        <View
          style={
            {
              "alignItems": "center",
              "flexDirection": "row",
              "justifyContent": "center",
            }
          }
        >
          <Text
            maxFontSizeMultiplier={2}
            style={
              [
                {
                  "color": "#313132",
                  "fontFamily": "BCSans-Regular",
                  "fontSize": 18,
                  "fontWeight": "normal",
                },
                [
                  {
                    "color": "#003366",
                    "fontFamily": "BCSans-Regular",
                    "fontSize": 18,
                    "fontWeight": "bold",
                    "textAlign": "center",
                  },
                  false,
                  false,
                  false,
                ],
              ]
            }
          >
            Global.Cancel
          </Text>
        </View>
      </View>
    </View>
  </View>
</RNCSafeAreaView>
`;
