// Jest Snapshot v1, https://goo.gl/fbAQLP

exports[`IdentitySelection renders correctly 1`] = `
<RNCSafeAreaView
  edges={
    {
      "bottom": "additive",
      "left": "additive",
      "right": "additive",
      "top": "off",
    }
  }
  style={
    [
      {
        "backgroundColor": "#F2F2F2",
        "flex": 1,
      },
      undefined,
    ]
  }
>
  <RCTScrollView
    contentContainerStyle={
      [
        {
          "padding": 16,
        },
        {
          "gap": 16,
        },
      ]
    }
    showsVerticalScrollIndicator={false}
  >
    <View>
      <View
        style={
          {
            "gap": 16,
          }
        }
      >
        <Text
          maxFontSizeMultiplier={2}
          style={
            [
              {
                "color": "#313132",
                "fontFamily": "BCSans-Regular",
                "fontSize": 26,
                "fontWeight": "bold",
              },
              undefined,
            ]
          }
        >
          BCSC.ChooseYourID.WhatCardDoYou
        </Text>
        <Text
          maxFontSizeMultiplier={2}
          style={
            [
              {
                "color": "#313132",
                "fontFamily": "BCSans-Regular",
                "fontSize": 18,
                "fontWeight": "normal",
              },
              undefined,
            ]
          }
        >
          BCSC.ChooseYourID.SomePeopleStillCallIt
        </Text>
      </View>
      <View>
        <View
          accessibilityLabel="BCSC.ChooseYourID.CombinedCard"
          accessibilityState={
            {
              "busy": undefined,
              "checked": undefined,
              "disabled": undefined,
              "expanded": undefined,
              "selected": undefined,
            }
          }
          accessibilityValue={
            {
              "max": undefined,
              "min": undefined,
              "now": undefined,
              "text": undefined,
            }
          }
          accessible={true}
          collapsable={false}
          focusable={true}
          onClick={[Function]}
          onResponderGrant={[Function]}
          onResponderMove={[Function]}
          onResponderRelease={[Function]}
          onResponderTerminate={[Function]}
          onResponderTerminationRequest={[Function]}
          onStartShouldSetResponder={[Function]}
          style={
            {
              "marginBottom": 16,
              "opacity": 1,
            }
          }
          testID="com.ariesbifold:id/CombinedCard"
        >
          <View
            style={
              {
                "backgroundColor": "#D9EAF7",
                "borderColor": "#B9CEDE",
                "borderRadius": 8,
                "borderWidth": 1,
                "padding": 24,
              }
            }
          >
            <Text
              style={
                {
                  "color": "#003366",
                  "fontFamily": "BCSans-Regular",
                  "fontSize": 18,
                  "fontWeight": "bold",
                }
              }
            >
              BCSC.ChooseYourID.CombinedCardActionText
              <Text
                allowFontScaling={false}
                selectable={false}
                style={
                  [
                    {
                      "color": "#003366",
                      "fontSize": 20,
                    },
                    undefined,
                    {
                      "fontFamily": "Material Design Icons",
                      "fontStyle": "normal",
                      "fontWeight": "normal",
                    },
                    {},
                  ]
                }
              >
                󱦰
              </Text>
            </Text>
            <Text
              style={
                {
                  "color": "#313132",
                  "fontFamily": "BCSans-Regular",
                  "fontSize": 18,
                  "fontWeight": "normal",
                  "marginTop": 16,
                }
              }
            >
              BCSC.ChooseYourID.CombinedCardDescription
            </Text>
            <RCTImageView
              accessibilityState={
                {
                  "busy": undefined,
                  "checked": undefined,
                  "disabled": undefined,
                  "expanded": undefined,
                  "selected": undefined,
                }
              }
              internal_analyticTag={null}
              resizeMode="contain"
              source={
                [
                  {
                    "uri": "mocked-image-uri",
                  },
                ]
              }
              style={
                {
                  "flex": 1,
                  "height": 100,
                  "marginTop": 16,
                  "overflow": "hidden",
                  "width": 150,
                }
              }
            />
          </View>
        </View>
        <View
          accessibilityLabel="BCSC.ChooseYourID.PhotoCard"
          accessibilityState={
            {
              "busy": undefined,
              "checked": undefined,
              "disabled": undefined,
              "expanded": undefined,
              "selected": undefined,
            }
          }
          accessibilityValue={
            {
              "max": undefined,
              "min": undefined,
              "now": undefined,
              "text": undefined,
            }
          }
          accessible={true}
          collapsable={false}
          focusable={true}
          onClick={[Function]}
          onResponderGrant={[Function]}
          onResponderMove={[Function]}
          onResponderRelease={[Function]}
          onResponderTerminate={[Function]}
          onResponderTerminationRequest={[Function]}
          onStartShouldSetResponder={[Function]}
          style={
            {
              "marginBottom": 16,
              "opacity": 1,
            }
          }
          testID="com.ariesbifold:id/PhotoCard"
        >
          <View
            style={
              {
                "backgroundColor": "#D9EAF7",
                "borderColor": "#B9CEDE",
                "borderRadius": 8,
                "borderWidth": 1,
                "padding": 24,
              }
            }
          >
            <Text
              style={
                {
                  "color": "#003366",
                  "fontFamily": "BCSans-Regular",
                  "fontSize": 18,
                  "fontWeight": "bold",
                }
              }
            >
              BCSC.ChooseYourID.PhotoCardActionText
              <Text
                allowFontScaling={false}
                selectable={false}
                style={
                  [
                    {
                      "color": "#003366",
                      "fontSize": 20,
                    },
                    undefined,
                    {
                      "fontFamily": "Material Design Icons",
                      "fontStyle": "normal",
                      "fontWeight": "normal",
                    },
                    {},
                  ]
                }
              >
                󱦰
              </Text>
            </Text>
            <Text
              style={
                {
                  "color": "#313132",
                  "fontFamily": "BCSans-Regular",
                  "fontSize": 18,
                  "fontWeight": "normal",
                  "marginTop": 16,
                }
              }
            >
              BCSC.ChooseYourID.PhotoCardDescription
            </Text>
            <RCTImageView
              accessibilityState={
                {
                  "busy": undefined,
                  "checked": undefined,
                  "disabled": undefined,
                  "expanded": undefined,
                  "selected": undefined,
                }
              }
              internal_analyticTag={null}
              resizeMode="contain"
              source={
                [
                  {
                    "uri": "mocked-image-uri",
                  },
                ]
              }
              style={
                {
                  "flex": 1,
                  "height": 100,
                  "marginTop": 16,
                  "overflow": "hidden",
                  "width": 150,
                }
              }
            />
          </View>
        </View>
        <View
          accessibilityLabel="BCSC.ChooseYourID.NoPhotoCard"
          accessibilityState={
            {
              "busy": undefined,
              "checked": undefined,
              "disabled": undefined,
              "expanded": undefined,
              "selected": undefined,
            }
          }
          accessibilityValue={
            {
              "max": undefined,
              "min": undefined,
              "now": undefined,
              "text": undefined,
            }
          }
          accessible={true}
          collapsable={false}
          focusable={true}
          onClick={[Function]}
          onResponderGrant={[Function]}
          onResponderMove={[Function]}
          onResponderRelease={[Function]}
          onResponderTerminate={[Function]}
          onResponderTerminationRequest={[Function]}
          onStartShouldSetResponder={[Function]}
          style={
            {
              "marginBottom": 16,
              "opacity": 1,
            }
          }
          testID="com.ariesbifold:id/NoPhotoCard"
        >
          <View
            style={
              {
                "backgroundColor": "#D9EAF7",
                "borderColor": "#B9CEDE",
                "borderRadius": 8,
                "borderWidth": 1,
                "padding": 24,
              }
            }
          >
            <Text
              style={
                {
                  "color": "#003366",
                  "fontFamily": "BCSans-Regular",
                  "fontSize": 18,
                  "fontWeight": "bold",
                }
              }
            >
              BCSC.ChooseYourID.NoPhotoCardActionText
              <Text
                allowFontScaling={false}
                selectable={false}
                style={
                  [
                    {
                      "color": "#003366",
                      "fontSize": 20,
                    },
                    undefined,
                    {
                      "fontFamily": "Material Design Icons",
                      "fontStyle": "normal",
                      "fontWeight": "normal",
                    },
                    {},
                  ]
                }
              >
                󱦰
              </Text>
            </Text>
            <Text
              style={
                {
                  "color": "#313132",
                  "fontFamily": "BCSans-Regular",
                  "fontSize": 18,
                  "fontWeight": "normal",
                  "marginTop": 16,
                }
              }
            >
              BCSC.ChooseYourID.NoPhotoCardDescription
            </Text>
            <RCTImageView
              accessibilityState={
                {
                  "busy": undefined,
                  "checked": undefined,
                  "disabled": undefined,
                  "expanded": undefined,
                  "selected": undefined,
                }
              }
              internal_analyticTag={null}
              resizeMode="contain"
              source={
                [
                  {
                    "uri": "mocked-image-uri",
                  },
                ]
              }
              style={
                {
                  "flex": 1,
                  "height": 100,
                  "marginTop": 16,
                  "overflow": "hidden",
                  "width": 150,
                }
              }
            />
          </View>
        </View>
      </View>
      <View
        style={
          {
            "gap": 16,
          }
        }
      >
        <Text
          maxFontSizeMultiplier={2}
          style={
            [
              {
                "color": "#313132",
                "fontFamily": "BCSans-Regular",
                "fontSize": 26,
                "fontWeight": "bold",
              },
              undefined,
            ]
          }
        >
          BCSC.ChooseYourID.DontHaveOne
        </Text>
        <Text
          maxFontSizeMultiplier={2}
          style={
            [
              {
                "color": "#313132",
                "fontFamily": "BCSans-Regular",
                "fontSize": 18,
                "fontWeight": "normal",
              },
              undefined,
            ]
          }
        >
          BCSC.ChooseYourID.CheckBefore
        </Text>
        <View
          accessibilityLabel="BCSC.ChooseYourID.CheckForServicesCard"
          accessibilityState={
            {
              "busy": undefined,
              "checked": undefined,
              "disabled": undefined,
              "expanded": undefined,
              "selected": undefined,
            }
          }
          accessibilityValue={
            {
              "max": undefined,
              "min": undefined,
              "now": undefined,
              "text": undefined,
            }
          }
          accessible={true}
          collapsable={false}
          focusable={true}
          onBlur={[Function]}
          onClick={[Function]}
          onFocus={[Function]}
          onResponderGrant={[Function]}
          onResponderMove={[Function]}
          onResponderRelease={[Function]}
          onResponderTerminate={[Function]}
          onResponderTerminationRequest={[Function]}
          onStartShouldSetResponder={[Function]}
          testID="CheckForServicesCard"
        >
          <Text
            maxFontSizeMultiplier={2}
            style={
              [
                {
                  "color": "#313132",
                  "fontFamily": "BCSans-Regular",
                  "fontSize": 18,
                  "fontWeight": "bold",
                },
                {
                  "color": "#003366",
                },
              ]
            }
          >
            BCSC.ChooseYourID.CheckIfIHave 
            <Text
              allowFontScaling={false}
              selectable={false}
              style={
                [
                  {
                    "color": "#003366",
                    "fontSize": 20,
                  },
                  undefined,
                  {
                    "fontFamily": "Material Design Icons",
                    "fontStyle": "normal",
                    "fontWeight": "normal",
                  },
                  {},
                ]
              }
            >
              󰘥
            </Text>
          </Text>
        </View>
        <View
          accessibilityLabel="BCSC.ChooseYourID.OtherID"
          accessibilityState={
            {
              "busy": undefined,
              "checked": undefined,
              "disabled": undefined,
              "expanded": undefined,
              "selected": undefined,
            }
          }
          accessibilityValue={
            {
              "max": undefined,
              "min": undefined,
              "now": undefined,
              "text": undefined,
            }
          }
          accessible={true}
          collapsable={false}
          focusable={true}
          onClick={[Function]}
          onResponderGrant={[Function]}
          onResponderMove={[Function]}
          onResponderRelease={[Function]}
          onResponderTerminate={[Function]}
          onResponderTerminationRequest={[Function]}
          onStartShouldSetResponder={[Function]}
          style={
            {
              "marginBottom": 16,
              "opacity": 1,
            }
          }
          testID="com.ariesbifold:id/OtherID"
        >
          <View
            style={
              {
                "backgroundColor": "#D9EAF7",
                "borderColor": "#B9CEDE",
                "borderRadius": 8,
                "borderWidth": 1,
                "padding": 24,
              }
            }
          >
            <Text
              style={
                {
                  "color": "#003366",
                  "fontFamily": "BCSans-Regular",
                  "fontSize": 18,
                  "fontWeight": "bold",
                }
              }
            >
              BCSC.ChooseYourID.OtherIDActionText
              <Text
                allowFontScaling={false}
                selectable={false}
                style={
                  [
                    {
                      "color": "#003366",
                      "fontSize": 20,
                    },
                    undefined,
                    {
                      "fontFamily": "Material Design Icons",
                      "fontStyle": "normal",
                      "fontWeight": "normal",
                    },
                    {},
                  ]
                }
              >
                󱦰
              </Text>
            </Text>
            <Text
              style={
                {
                  "color": "#313132",
                  "fontFamily": "BCSans-Regular",
                  "fontSize": 18,
                  "fontWeight": "normal",
                  "marginTop": 16,
                }
              }
            >
              BCSC.ChooseYourID.OtherIDDescription
            </Text>
          </View>
        </View>
      </View>
    </View>
  </RCTScrollView>
</RNCSafeAreaView>
`;
