// Jest Snapshot v1, https://goo.gl/fbAQLP

exports[`ScanContent Component renders correctly 1`] = `
<RNCSafeAreaView
  edges={
    {
      "bottom": "additive",
      "left": "additive",
      "right": "additive",
      "top": "off",
    }
  }
  style={
    {
      "backgroundColor": "#FFFFFF",
      "height": "100%",
      "justifyContent": "space-between",
    }
  }
>
  <RCTScrollView
    contentContainerStyle={
      {
        "flex": 1,
        "padding": 24,
      }
    }
  >
    <View>
      <Text
        style={
          {
            "color": "#313132",
            "fontFamily": "BCSans-Regular",
            "fontSize": 26,
            "fontWeight": "bold",
          }
        }
      >
        Coming soon!
      </Text>
    </View>
  </RCTScrollView>
</RNCSafeAreaView>
`;
