// Jest Snapshot v1, https://goo.gl/fbAQLP

exports[`EnterEmailScreen Rendering should match snapshot 1`] = `
<RNCSafeAreaView
  edges={
    {
      "bottom": "additive",
      "left": "additive",
      "right": "additive",
      "top": "off",
    }
  }
  style={
    [
      {
        "backgroundColor": "#F2F2F2",
        "flex": 1,
      },
      undefined,
    ]
  }
>
  <View
    onLayout={[Function]}
    style={
      [
        {
          "flex": 1,
        },
        {
          "paddingBottom": 0,
        },
      ]
    }
  >
    <RCTScrollView
      contentContainerStyle={
        [
          {
            "flexGrow": 1,
          },
          undefined,
        ]
      }
      keyboardShouldPersistTaps="handled"
      showsVerticalScrollIndicator={false}
    >
      <View>
        <View
          style={
            [
              false,
              {
                "flexGrow": 1,
                "gap": 24,
                "padding": 24,
              },
            ]
          }
        >
          <Text
            maxFontSizeMultiplier={2}
            style={
              [
                {
                  "color": "#313132",
                  "fontFamily": "BCSans-Regular",
                  "fontSize": 26,
                  "fontWeight": "bold",
                },
                undefined,
              ]
            }
          >
            BCSC.EnterEmail.EnterEmailAddress
          </Text>
          <View>
            <View
              accessibilityState={
                {
                  "busy": undefined,
                  "checked": undefined,
                  "disabled": undefined,
                  "expanded": undefined,
                  "selected": undefined,
                }
              }
              accessibilityValue={
                {
                  "max": undefined,
                  "min": undefined,
                  "now": undefined,
                  "text": undefined,
                }
              }
              accessible={false}
              collapsable={false}
              focusable={true}
              hitSlop={
                {
                  "bottom": 44,
                  "left": 44,
                  "right": 44,
                  "top": 44,
                }
              }
              onBlur={[Function]}
              onClick={[Function]}
              onFocus={[Function]}
              onResponderGrant={[Function]}
              onResponderMove={[Function]}
              onResponderRelease={[Function]}
              onResponderTerminate={[Function]}
              onResponderTerminationRequest={[Function]}
              onStartShouldSetResponder={[Function]}
              style={
                [
                  {
                    "alignItems": "center",
                    "backgroundColor": "#D3D3D3",
                    "borderColor": "#D3D3D3",
                    "borderRadius": 4,
                    "borderWidth": 1,
                    "color": "#313132",
                    "elevation": 0,
                    "flexDirection": "row",
                    "fontFamily": "BCSans-Regular",
                    "fontSize": 16,
                    "padding": 10,
                    "shadowColor": undefined,
                    "shadowOffset": undefined,
                    "shadowOpacity": 0,
                    "shadowRadius": undefined,
                  },
                  false,
                  null,
                ]
              }
              testID="com.ariesbifold:id/email-pressable"
            >
              <View
                style={
                  {
                    "flex": 1,
                  }
                }
              >
                <TextInput
                  accessibilityLabel="BCSC.EnterEmail.EmailAddress"
                  autoComplete="email"
                  autoCorrect={false}
                  keyboardType="email-address"
                  maxLength={50}
                  onBlur={[Function]}
                  onChange={[Function]}
                  onChangeText={[Function]}
                  onFocus={[Function]}
                  placeholder="BCSC.EnterEmail.EmailAddress"
                  placeholderTextColor="#606060"
                  style={
                    [
                      {
                        "backgroundColor": "transparent",
                        "color": "#313132",
                        "flex": 1,
                        "fontSize": 16,
                        "includeFontPadding": false,
                        "padding": 0,
                      },
                      undefined,
                    ]
                  }
                  testID="com.ariesbifold:id/email-input"
                  textContentType="emailAddress"
                  value=""
                />
              </View>
              <Text
                allowFontScaling={false}
                selectable={false}
                style={
                  [
                    {
                      "color": "#D8292F",
                      "fontSize": 24,
                    },
                    {
                      "marginRight": 8,
                      "opacity": 0,
                    },
                    {
                      "fontFamily": "Material Design Icons",
                      "fontStyle": "normal",
                      "fontWeight": "normal",
                    },
                    {},
                  ]
                }
              >
                󰀨
              </Text>
            </View>
          </View>
          <View
            style={
              [
                {
                  "backgroundColor": "#FCBA19",
                  "height": 2,
                },
                undefined,
              ]
            }
          />
          <View
            style={
              {
                "gap": 16,
              }
            }
          >
            <Text
              maxFontSizeMultiplier={2}
              style={
                [
                  {
                    "color": "#313132",
                    "fontFamily": "BCSans-Regular",
                    "fontSize": 18,
                    "fontWeight": "normal",
                  },
                  undefined,
                ]
              }
            >
              BCSC.EnterEmail.EmailDescription1
            </Text>
            <Text
              maxFontSizeMultiplier={2}
              style={
                [
                  {
                    "color": "#313132",
                    "fontFamily": "BCSans-Regular",
                    "fontSize": 21,
                    "fontWeight": "bold",
                  },
                  {
                    "color": "#003366",
                  },
                ]
              }
            >
              BCSC.EnterEmail.EmailDescription2
            </Text>
            <View>
              <View
                style={
                  [
                    {
                      "alignContent": "center",
                      "alignItems": "flex-start",
                      "flexDirection": "row",
                      "marginVertical": 8,
                    },
                    {
                      "marginVertical": 4,
                    },
                  ]
                }
              >
                <View
                  style={
                    {
                      "height": undefined,
                      "justifyContent": "center",
                      "marginHorizontal": 8,
                    }
                  }
                >
                  <Text
                    allowFontScaling={false}
                    selectable={false}
                    style={
                      [
                        {
                          "color": "#FFFFFF",
                          "fontSize": 4,
                        },
                        undefined,
                        {
                          "fontFamily": "Material Design Icons",
                          "fontStyle": "normal",
                          "fontWeight": "normal",
                        },
                        {},
                      ]
                    }
                  >
                    󰝥
                  </Text>
                </View>
                <Text
                  maxFontSizeMultiplier={2}
                  style={
                    [
                      {
                        "color": "#313132",
                        "fontFamily": "BCSans-Regular",
                        "fontSize": 18,
                        "fontWeight": "normal",
                      },
                      {
                        "flexShrink": 1,
                      },
                    ]
                  }
                >
                  <span>
                    BCSC.EnterEmail.NotificationsBullet1
                  </span>
                </Text>
              </View>
              <View
                style={
                  [
                    {
                      "alignContent": "center",
                      "alignItems": "flex-start",
                      "flexDirection": "row",
                      "marginVertical": 8,
                    },
                    {
                      "marginVertical": 4,
                    },
                  ]
                }
              >
                <View
                  style={
                    {
                      "height": undefined,
                      "justifyContent": "center",
                      "marginHorizontal": 8,
                    }
                  }
                >
                  <Text
                    allowFontScaling={false}
                    selectable={false}
                    style={
                      [
                        {
                          "color": "#FFFFFF",
                          "fontSize": 4,
                        },
                        undefined,
                        {
                          "fontFamily": "Material Design Icons",
                          "fontStyle": "normal",
                          "fontWeight": "normal",
                        },
                        {},
                      ]
                    }
                  >
                    󰝥
                  </Text>
                </View>
                <Text
                  maxFontSizeMultiplier={2}
                  style={
                    [
                      {
                        "color": "#313132",
                        "fontFamily": "BCSans-Regular",
                        "fontSize": 18,
                        "fontWeight": "normal",
                      },
                      {
                        "flexShrink": 1,
                      },
                    ]
                  }
                >
                  <span>
                    BCSC.EnterEmail.NotificationsBullet2
                  </span>
                </Text>
              </View>
              <View
                style={
                  [
                    {
                      "alignContent": "center",
                      "alignItems": "flex-start",
                      "flexDirection": "row",
                      "marginVertical": 8,
                    },
                    {
                      "marginVertical": 4,
                    },
                  ]
                }
              >
                <View
                  style={
                    {
                      "height": undefined,
                      "justifyContent": "center",
                      "marginHorizontal": 8,
                    }
                  }
                >
                  <Text
                    allowFontScaling={false}
                    selectable={false}
                    style={
                      [
                        {
                          "color": "#FFFFFF",
                          "fontSize": 4,
                        },
                        undefined,
                        {
                          "fontFamily": "Material Design Icons",
                          "fontStyle": "normal",
                          "fontWeight": "normal",
                        },
                        {},
                      ]
                    }
                  >
                    󰝥
                  </Text>
                </View>
                <Text
                  maxFontSizeMultiplier={2}
                  style={
                    [
                      {
                        "color": "#313132",
                        "fontFamily": "BCSans-Regular",
                        "fontSize": 18,
                        "fontWeight": "normal",
                      },
                      {
                        "flexShrink": 1,
                      },
                    ]
                  }
                >
                  <span>
                    BCSC.EnterEmail.NotificationsBullet3
                  </span>
                </Text>
              </View>
            </View>
          </View>
        </View>
        <View
          style={
            [
              [
                {
                  "gap": 16,
                },
                false,
                undefined,
              ],
              {
                "marginTop": "auto",
              },
            ]
          }
        >
          <View
            style={
              {
                "flexGrow": 1,
                "width": "100%",
              }
            }
          >
            <View
              style={
                {
                  "left": 0,
                  "position": "absolute",
                  "right": 0,
                  "shadowColor": "#000",
                  "shadowOffset": {
                    "height": -3,
                    "width": 0,
                  },
                  "shadowOpacity": 0.9,
                  "shadowRadius": 3,
                  "top": 0,
                  "zIndex": -1,
                }
              }
            >
              <View
                style={
                  {
                    "backgroundColor": "#F2F2F2",
                    "height": 1,
                  }
                }
              />
            </View>
            <View
              style={
                {
                  "backgroundColor": "#F2F2F2",
                  "flexGrow": 1,
                  "gap": 8,
                  "padding": 24,
                }
              }
            >
              <View
                accessibilityLabel="Global.Continue"
                accessibilityRole="button"
                accessibilityState={
                  {
                    "busy": undefined,
                    "checked": undefined,
                    "disabled": false,
                    "expanded": undefined,
                    "selected": undefined,
                  }
                }
                accessibilityValue={
                  {
                    "max": undefined,
                    "min": undefined,
                    "now": undefined,
                    "text": undefined,
                  }
                }
                accessible={true}
                collapsable={false}
                focusable={true}
                onClick={[Function]}
                onResponderGrant={[Function]}
                onResponderMove={[Function]}
                onResponderRelease={[Function]}
                onResponderTerminate={[Function]}
                onResponderTerminationRequest={[Function]}
                onStartShouldSetResponder={[Function]}
                style={
                  {
                    "backgroundColor": "#003366",
                    "borderRadius": 4,
                    "opacity": 1,
                    "padding": 16,
                  }
                }
                testID="ContinueButton"
              >
                <View
                  style={
                    {
                      "alignItems": "center",
                      "flexDirection": "row",
                      "justifyContent": "center",
                    }
                  }
                >
                  <Text
                    maxFontSizeMultiplier={2}
                    style={
                      [
                        {
                          "color": "#313132",
                          "fontFamily": "BCSans-Regular",
                          "fontSize": 18,
                          "fontWeight": "normal",
                        },
                        [
                          {
                            "color": "#FFFFFF",
                            "fontFamily": "BCSans-Regular",
                            "fontSize": 18,
                            "fontWeight": "bold",
                            "textAlign": "center",
                          },
                          false,
                          false,
                        ],
                      ]
                    }
                  >
                    Global.Continue
                  </Text>
                </View>
              </View>
              <View
                accessibilityLabel="BCSC.EnterEmail.EmailSkipButton2"
                accessibilityRole="button"
                accessibilityState={
                  {
                    "busy": undefined,
                    "checked": undefined,
                    "disabled": false,
                    "expanded": undefined,
                    "selected": undefined,
                  }
                }
                accessibilityValue={
                  {
                    "max": undefined,
                    "min": undefined,
                    "now": undefined,
                    "text": undefined,
                  }
                }
                accessible={true}
                collapsable={false}
                focusable={true}
                onClick={[Function]}
                onResponderGrant={[Function]}
                onResponderMove={[Function]}
                onResponderRelease={[Function]}
                onResponderTerminate={[Function]}
                onResponderTerminationRequest={[Function]}
                onStartShouldSetResponder={[Function]}
                style={
                  {
                    "borderColor": "#003366",
                    "borderRadius": 4,
                    "borderWidth": 2,
                    "opacity": 1,
                    "padding": 16,
                  }
                }
                testID="SkipButton"
              >
                <View
                  style={
                    {
                      "alignItems": "center",
                      "flexDirection": "row",
                      "justifyContent": "center",
                    }
                  }
                >
                  <Text
                    maxFontSizeMultiplier={2}
                    style={
                      [
                        {
                          "color": "#313132",
                          "fontFamily": "BCSans-Regular",
                          "fontSize": 18,
                          "fontWeight": "normal",
                        },
                        [
                          {
                            "color": "#003366",
                            "fontFamily": "BCSans-Regular",
                            "fontSize": 18,
                            "fontWeight": "bold",
                            "textAlign": "center",
                          },
                          false,
                          false,
                        ],
                      ]
                    }
                  >
                    BCSC.EnterEmail.EmailSkipButton2
                  </Text>
                </View>
              </View>
            </View>
          </View>
        </View>
      </View>
    </RCTScrollView>
  </View>
</RNCSafeAreaView>
`;
