// Jest Snapshot v1, https://goo.gl/fbAQLP

exports[`ChangePINForm renders correctly with all PIN fields 1`] = `
<View
  style={
    {
      "display": "flex",
      "flex": 1,
    }
  }
  testID="com.ariesbifold:id/BCSCLoadingProviderChildren"
>
  <RNCSafeAreaView
    edges={
      {
        "bottom": "additive",
        "left": "additive",
        "right": "additive",
        "top": "off",
      }
    }
    style={
      [
        {
          "backgroundColor": "#F2F2F2",
          "flex": 1,
        },
        undefined,
      ]
    }
  >
    <View
      onLayout={[Function]}
      style={
        [
          {
            "flex": 1,
          },
          {
            "paddingBottom": 0,
          },
        ]
      }
    >
      <RCTScrollView
        contentContainerStyle={
          [
            {
              "flexGrow": 1,
            },
            undefined,
          ]
        }
        keyboardShouldPersistTaps="handled"
        showsVerticalScrollIndicator={false}
      >
        <View>
          <View
            style={
              [
                {
                  "padding": 16,
                },
                undefined,
              ]
            }
          >
            <Text
              maxFontSizeMultiplier={2}
              style={
                [
                  {
                    "color": "#313132",
                    "fontFamily": "BCSans-Regular",
                    "fontSize": 18,
                    "fontWeight": "bold",
                  },
                  undefined,
                ]
              }
            >
              BCSC.ChangePIN.EnterCurrentPIN
            </Text>
            <View
              style={
                {
                  "alignItems": "center",
                  "backgroundColor": "#D3D3D3",
                  "borderColor": "#D3D3D3",
                  "borderRadius": 4,
                  "borderWidth": 1,
                  "flexDirection": "row",
                  "justifyContent": "center",
                  "marginBottom": 8,
                  "marginTop": 16,
                  "padding": 8,
                }
              }
            >
              <TextInput
                accessibilityHint="Enter your 6-digit PIN"
                accessibilityLabel=""
                autoFocus={false}
                cursorColor="#313132"
                keyboardType="number-pad"
                maxFontSizeMultiplier={1}
                maxLength={6}
                onBlur={[Function]}
                onChangeText={[Function]}
                onFocus={[Function]}
                secureTextEntry={true}
                style={
                  {
                    "color": "#313132",
                    "flex": 1,
                    "fontFamily": "BCSans-Regular",
                    "fontSize": 26,
                    "fontWeight": "bold",
                    "height": 48,
                    "letterSpacing": 8,
                    "textAlignVertical": "center",
                  }
                }
                textContentType="password"
                value=""
              />
              <View
                accessibilityLabel="Show PIN"
                accessibilityState={
                  {
                    "busy": undefined,
                    "checked": undefined,
                    "disabled": undefined,
                    "expanded": undefined,
                    "selected": undefined,
                  }
                }
                accessibilityValue={
                  {
                    "max": undefined,
                    "min": undefined,
                    "now": undefined,
                    "text": undefined,
                  }
                }
                accessible={true}
                collapsable={false}
                focusable={true}
                onClick={[Function]}
                onResponderGrant={[Function]}
                onResponderMove={[Function]}
                onResponderRelease={[Function]}
                onResponderTerminate={[Function]}
                onResponderTerminationRequest={[Function]}
                onStartShouldSetResponder={[Function]}
                style={
                  {
                    "opacity": 1,
                    "padding": 5,
                  }
                }
                testID="com.ariesbifold:id/VisibilityButton"
              >
                <Text
                  allowFontScaling={false}
                  selectable={false}
                  style={
                    [
                      {
                        "color": "#313132",
                        "fontSize": 32,
                      },
                      undefined,
                      {
                        "fontFamily": "Material Design Icons",
                        "fontStyle": "normal",
                        "fontWeight": "normal",
                      },
                      {},
                    ]
                  }
                >
                  󰈉
                </Text>
              </View>
            </View>
            <View
              style={
                {
                  "justifyContent": "flex-start",
                  "minHeight": 20,
                }
              }
            />
            <View
              style={
                {
                  "marginTop": 8,
                }
              }
            >
              <Text
                maxFontSizeMultiplier={2}
                style={
                  [
                    {
                      "color": "#313132",
                      "fontFamily": "BCSans-Regular",
                      "fontSize": 18,
                      "fontWeight": "bold",
                    },
                    undefined,
                  ]
                }
              >
                BCSC.ChangePIN.EnterNewPIN
              </Text>
              <View
                style={
                  {
                    "alignItems": "center",
                    "backgroundColor": "#D3D3D3",
                    "borderColor": "#D3D3D3",
                    "borderRadius": 4,
                    "borderWidth": 1,
                    "flexDirection": "row",
                    "justifyContent": "center",
                    "marginBottom": 8,
                    "marginTop": 16,
                    "padding": 8,
                  }
                }
              >
                <TextInput
                  accessibilityHint="Enter your 6-digit PIN"
                  accessibilityLabel=""
                  autoFocus={false}
                  cursorColor="#313132"
                  keyboardType="number-pad"
                  maxFontSizeMultiplier={1}
                  maxLength={6}
                  onBlur={[Function]}
                  onChangeText={[Function]}
                  onFocus={[Function]}
                  secureTextEntry={true}
                  style={
                    {
                      "color": "#313132",
                      "flex": 1,
                      "fontFamily": "BCSans-Regular",
                      "fontSize": 26,
                      "fontWeight": "bold",
                      "height": 48,
                      "letterSpacing": 8,
                      "textAlignVertical": "center",
                    }
                  }
                  textContentType="password"
                  value=""
                />
                <View
                  accessibilityLabel="Show PIN"
                  accessibilityState={
                    {
                      "busy": undefined,
                      "checked": undefined,
                      "disabled": undefined,
                      "expanded": undefined,
                      "selected": undefined,
                    }
                  }
                  accessibilityValue={
                    {
                      "max": undefined,
                      "min": undefined,
                      "now": undefined,
                      "text": undefined,
                    }
                  }
                  accessible={true}
                  collapsable={false}
                  focusable={true}
                  onClick={[Function]}
                  onResponderGrant={[Function]}
                  onResponderMove={[Function]}
                  onResponderRelease={[Function]}
                  onResponderTerminate={[Function]}
                  onResponderTerminationRequest={[Function]}
                  onStartShouldSetResponder={[Function]}
                  style={
                    {
                      "opacity": 1,
                      "padding": 5,
                    }
                  }
                  testID="com.ariesbifold:id/VisibilityButton"
                >
                  <Text
                    allowFontScaling={false}
                    selectable={false}
                    style={
                      [
                        {
                          "color": "#313132",
                          "fontSize": 32,
                        },
                        undefined,
                        {
                          "fontFamily": "Material Design Icons",
                          "fontStyle": "normal",
                          "fontWeight": "normal",
                        },
                        {},
                      ]
                    }
                  >
                    󰈉
                  </Text>
                </View>
              </View>
              <View
                style={
                  {
                    "justifyContent": "flex-start",
                    "minHeight": 20,
                  }
                }
              />
            </View>
            <View
              style={
                {
                  "marginTop": 8,
                }
              }
            >
              <Text
                maxFontSizeMultiplier={2}
                style={
                  [
                    {
                      "color": "#313132",
                      "fontFamily": "BCSans-Regular",
                      "fontSize": 18,
                      "fontWeight": "bold",
                    },
                    undefined,
                  ]
                }
              >
                BCSC.ChangePIN.ReenterNewPIN
              </Text>
              <View
                style={
                  {
                    "alignItems": "center",
                    "backgroundColor": "#D3D3D3",
                    "borderColor": "#D3D3D3",
                    "borderRadius": 4,
                    "borderWidth": 1,
                    "flexDirection": "row",
                    "justifyContent": "center",
                    "marginBottom": 8,
                    "marginTop": 16,
                    "padding": 8,
                  }
                }
              >
                <TextInput
                  accessibilityHint="Enter your 6-digit PIN"
                  accessibilityLabel=""
                  autoFocus={false}
                  cursorColor="#313132"
                  keyboardType="number-pad"
                  maxFontSizeMultiplier={1}
                  maxLength={6}
                  onBlur={[Function]}
                  onChangeText={[Function]}
                  onFocus={[Function]}
                  secureTextEntry={true}
                  style={
                    {
                      "color": "#313132",
                      "flex": 1,
                      "fontFamily": "BCSans-Regular",
                      "fontSize": 26,
                      "fontWeight": "bold",
                      "height": 48,
                      "letterSpacing": 8,
                      "textAlignVertical": "center",
                    }
                  }
                  textContentType="password"
                  value=""
                />
                <View
                  accessibilityLabel="Show PIN"
                  accessibilityState={
                    {
                      "busy": undefined,
                      "checked": undefined,
                      "disabled": undefined,
                      "expanded": undefined,
                      "selected": undefined,
                    }
                  }
                  accessibilityValue={
                    {
                      "max": undefined,
                      "min": undefined,
                      "now": undefined,
                      "text": undefined,
                    }
                  }
                  accessible={true}
                  collapsable={false}
                  focusable={true}
                  onClick={[Function]}
                  onResponderGrant={[Function]}
                  onResponderMove={[Function]}
                  onResponderRelease={[Function]}
                  onResponderTerminate={[Function]}
                  onResponderTerminationRequest={[Function]}
                  onStartShouldSetResponder={[Function]}
                  style={
                    {
                      "opacity": 1,
                      "padding": 5,
                    }
                  }
                  testID="com.ariesbifold:id/VisibilityButton"
                >
                  <Text
                    allowFontScaling={false}
                    selectable={false}
                    style={
                      [
                        {
                          "color": "#313132",
                          "fontSize": 32,
                        },
                        undefined,
                        {
                          "fontFamily": "Material Design Icons",
                          "fontStyle": "normal",
                          "fontWeight": "normal",
                        },
                        {},
                      ]
                    }
                  >
                    󰈉
                  </Text>
                </View>
              </View>
              <View
                style={
                  {
                    "justifyContent": "flex-start",
                    "minHeight": 20,
                  }
                }
              />
            </View>
            <View
              style={
                {
                  "marginTop": 4,
                }
              }
            >
              <Text
                maxFontSizeMultiplier={2}
                style={
                  [
                    {
                      "color": "#313132",
                      "fontFamily": "BCSans-Regular",
                      "fontSize": 18,
                      "fontWeight": "bold",
                    },
                    undefined,
                  ]
                }
              >
                BCSC.ChangePIN.RememberPIN
              </Text>
              <Text
                maxFontSizeMultiplier={2}
                style={
                  [
                    {
                      "color": "#313132",
                      "fontFamily": "BCSans-Regular",
                      "fontSize": 18,
                      "fontWeight": "normal",
                    },
                    undefined,
                  ]
                }
              >
                BCSC.ChangePIN.RememberPINDescription
              </Text>
            </View>
          </View>
          <View
            style={
              [
                [
                  {
                    "gap": 16,
                  },
                  {
                    "paddingBottom": 16,
                    "paddingHorizontal": 16,
                  },
                  undefined,
                ],
                {
                  "marginTop": "auto",
                },
              ]
            }
          >
            <View
              style={
                {
                  "alignItems": "center",
                  "flexDirection": "row-reverse",
                  "margin": 10,
                }
              }
            >
              <View
                accessibilityLabel="BCSC.ChangePIN.IUnderstand"
                accessibilityRole="checkbox"
                accessibilityState={
                  {
                    "busy": undefined,
                    "checked": false,
                    "disabled": undefined,
                    "expanded": undefined,
                    "selected": undefined,
                  }
                }
                accessibilityValue={
                  {
                    "max": undefined,
                    "min": undefined,
                    "now": undefined,
                    "text": undefined,
                  }
                }
                accessible={true}
                collapsable={false}
                focusable={true}
                hitSlop={
                  {
                    "bottom": 44,
                    "left": 44,
                    "right": 44,
                    "top": 44,
                  }
                }
                onClick={[Function]}
                onResponderGrant={[Function]}
                onResponderMove={[Function]}
                onResponderRelease={[Function]}
                onResponderTerminate={[Function]}
                onResponderTerminationRequest={[Function]}
                onStartShouldSetResponder={[Function]}
                style={
                  {
                    "opacity": 1,
                  }
                }
                testID="com.ariesbifold:id/IUnderstand"
              >
                <Text
                  allowFontScaling={false}
                  selectable={false}
                  style={
                    [
                      {
                        "color": "#003366",
                        "fontSize": 36,
                      },
                      undefined,
                      {
                        "fontFamily": "Material Icons",
                        "fontStyle": "normal",
                        "fontWeight": "normal",
                      },
                      {},
                    ]
                  }
                >
                  
                </Text>
              </View>
              <Text
                maxFontSizeMultiplier={2}
                style={
                  [
                    {
                      "color": "#313132",
                      "fontFamily": "BCSans-Regular",
                      "fontSize": 18,
                      "fontWeight": "normal",
                    },
                    [
                      {
                        "color": "#313132",
                        "flexShrink": 1,
                        "fontFamily": "BCSans-Regular",
                        "fontSize": 18,
                        "fontWeight": "normal",
                        "marginLeft": 0,
                        "marginRight": 10,
                      },
                      {
                        "textAlign": "right",
                      },
                    ],
                  ]
                }
              >
                BCSC.ChangePIN.IUnderstand
              </Text>
            </View>
            <View
              accessibilityLabel="BCSC.ChangePIN.ButtonTitle"
              accessibilityRole="button"
              accessibilityState={
                {
                  "busy": undefined,
                  "checked": undefined,
                  "disabled": true,
                  "expanded": undefined,
                  "selected": undefined,
                }
              }
              accessibilityValue={
                {
                  "max": undefined,
                  "min": undefined,
                  "now": undefined,
                  "text": undefined,
                }
              }
              accessible={true}
              collapsable={false}
              focusable={false}
              onClick={[Function]}
              onResponderGrant={[Function]}
              onResponderMove={[Function]}
              onResponderRelease={[Function]}
              onResponderTerminate={[Function]}
              onResponderTerminationRequest={[Function]}
              onStartShouldSetResponder={[Function]}
              style={
                {
                  "backgroundColor": "#757575",
                  "borderRadius": 4,
                  "opacity": 1,
                  "padding": 16,
                }
              }
              testID="com.ariesbifold:id/ChangePIN"
            >
              <View
                style={
                  {
                    "alignItems": "center",
                    "flexDirection": "row",
                    "justifyContent": "center",
                  }
                }
              >
                <Text
                  maxFontSizeMultiplier={2}
                  style={
                    [
                      {
                        "color": "#313132",
                        "fontFamily": "BCSans-Regular",
                        "fontSize": 18,
                        "fontWeight": "normal",
                      },
                      [
                        {
                          "color": "#FFFFFF",
                          "fontFamily": "BCSans-Regular",
                          "fontSize": 18,
                          "fontWeight": "bold",
                          "textAlign": "center",
                        },
                        {
                          "color": "#FFFFFF",
                          "fontFamily": "BCSans-Regular",
                          "fontSize": 18,
                          "fontWeight": "bold",
                          "textAlign": "center",
                        },
                        false,
                        false,
                      ],
                    ]
                  }
                >
                  BCSC.ChangePIN.ButtonTitle
                </Text>
              </View>
            </View>
          </View>
        </View>
      </RCTScrollView>
    </View>
  </RNCSafeAreaView>
</View>
`;
