// Jest Snapshot v1, https://goo.gl/fbAQLP

exports[`PINEntryForm renders correctly with create and confirm PIN fields 1`] = `
[
  <View
    importantForAccessibility="yes"
    style={
      {
        "display": "flex",
        "flex": 1,
      }
    }
    testID="com.ariesbifold:id/BCSCLoadingProviderChildren"
  >
    <RNCSafeAreaView
      edges={
        {
          "bottom": "additive",
          "left": "additive",
          "right": "additive",
          "top": "off",
        }
      }
      style={
        [
          {
            "backgroundColor": "#F2F2F2",
            "flex": 1,
          },
          undefined,
        ]
      }
    >
      <View
        onLayout={[Function]}
        style={
          [
            {
              "flex": 1,
            },
            {
              "paddingBottom": 0,
            },
          ]
        }
      >
        <RCTScrollView
          contentContainerStyle={
            [
              {
                "flexGrow": 1,
              },
              undefined,
            ]
          }
          keyboardShouldPersistTaps="handled"
          showsVerticalScrollIndicator={false}
        >
          <View>
            <View
              style={
                [
                  false,
                  {
                    "padding": 24,
                  },
                ]
              }
            >
              <View
                style={
                  {
                    "gap": 24,
                  }
                }
              >
                <View
                  style={
                    {
                      "gap": 8,
                    }
                  }
                >
                  <Text
                    maxFontSizeMultiplier={2}
                    style={
                      [
                        {
                          "color": "#313132",
                          "fontFamily": "BCSans-Regular",
                          "fontSize": 18,
                          "fontWeight": "bold",
                        },
                        {
                          "color": "#313132",
                        },
                      ]
                    }
                  >
                    BCSC.PIN.CreatePIN
                  </Text>
                  <View
                    style={
                      {
                        "gap": 8,
                      }
                    }
                  >
                    <View
                      style={
                        {
                          "backgroundColor": "#D3D3D3",
                          "borderColor": "#D3D3D3",
                          "borderRadius": 4,
                          "borderWidth": 2,
                          "flexDirection": "row",
                        }
                      }
                    >
                      <TextInput
                        accessibilityHint="Enter your 6-digit PIN"
                        accessibilityLabel="BCSC.PIN.CreatePINShort"
                        autoFocus={false}
                        cursorColor="#313132"
                        keyboardType="number-pad"
                        maxFontSizeMultiplier={1}
                        maxLength={6}
                        onBlur={[Function]}
                        onChangeText={[Function]}
                        onFocus={[Function]}
                        secureTextEntry={true}
                        style={
                          {
                            "color": "#313132",
                            "flex": 1,
                            "fontSize": 24,
                            "fontWeight": "bold",
                            "letterSpacing": 8,
                            "minHeight": 50,
                            "paddingHorizontal": 8,
                          }
                        }
                        testID="com.ariesbifold:id/PINInput1"
                        textContentType="password"
                        value=""
                      />
                      <View
                        accessibilityLabel="PINCreate.Show"
                        accessibilityRole="button"
                        accessibilityState={
                          {
                            "busy": undefined,
                            "checked": undefined,
                            "disabled": undefined,
                            "expanded": undefined,
                            "selected": undefined,
                          }
                        }
                        accessibilityValue={
                          {
                            "max": undefined,
                            "min": undefined,
                            "now": undefined,
                            "text": undefined,
                          }
                        }
                        accessible={true}
                        collapsable={false}
                        focusable={true}
                        onClick={[Function]}
                        onResponderGrant={[Function]}
                        onResponderMove={[Function]}
                        onResponderRelease={[Function]}
                        onResponderTerminate={[Function]}
                        onResponderTerminationRequest={[Function]}
                        onStartShouldSetResponder={[Function]}
                        style={
                          {
                            "alignItems": "center",
                            "justifyContent": "center",
                            "opacity": 1,
                            "padding": 8,
                          }
                        }
                        testID="com.ariesbifold:id/PINInput1VisibilityButton"
                      >
                        <Text
                          allowFontScaling={false}
                          selectable={false}
                          style={
                            [
                              {
                                "color": "#313132",
                                "fontSize": 32,
                              },
                              undefined,
                              {
                                "fontFamily": "Material Design Icons",
                                "fontStyle": "normal",
                                "fontWeight": "normal",
                              },
                              {},
                            ]
                          }
                        >
                          󰈉
                        </Text>
                      </View>
                    </View>
                  </View>
                  <Text
                    maxFontSizeMultiplier={2}
                    style={
                      [
                        {
                          "color": "#313132",
                          "fontFamily": "BCSans-Regular",
                          "fontSize": 14,
                          "fontWeight": "normal",
                        },
                        undefined,
                      ]
                    }
                  >
                    BCSC.PIN.CreatePINExample
                  </Text>
                </View>
                <View
                  style={
                    {
                      "gap": 8,
                    }
                  }
                >
                  <Text
                    maxFontSizeMultiplier={2}
                    style={
                      [
                        {
                          "color": "#313132",
                          "fontFamily": "BCSans-Regular",
                          "fontSize": 18,
                          "fontWeight": "bold",
                        },
                        {
                          "color": "#313132",
                        },
                      ]
                    }
                  >
                    BCSC.PIN.ConfirmPIN
                  </Text>
                  <View
                    style={
                      {
                        "gap": 8,
                      }
                    }
                  >
                    <View
                      style={
                        {
                          "backgroundColor": "#D3D3D3",
                          "borderColor": "#D3D3D3",
                          "borderRadius": 4,
                          "borderWidth": 2,
                          "flexDirection": "row",
                        }
                      }
                    >
                      <TextInput
                        accessibilityHint="Enter your 6-digit PIN"
                        accessibilityLabel="BCSC.PIN.ConfirmPIN"
                        autoFocus={false}
                        cursorColor="#313132"
                        keyboardType="number-pad"
                        maxFontSizeMultiplier={1}
                        maxLength={6}
                        onBlur={[Function]}
                        onChangeText={[Function]}
                        onFocus={[Function]}
                        secureTextEntry={true}
                        style={
                          {
                            "color": "#313132",
                            "flex": 1,
                            "fontSize": 24,
                            "fontWeight": "bold",
                            "letterSpacing": 8,
                            "minHeight": 50,
                            "paddingHorizontal": 8,
                          }
                        }
                        testID="com.ariesbifold:id/PINInput2"
                        textContentType="password"
                        value=""
                      />
                      <View
                        accessibilityLabel="PINCreate.Show"
                        accessibilityRole="button"
                        accessibilityState={
                          {
                            "busy": undefined,
                            "checked": undefined,
                            "disabled": undefined,
                            "expanded": undefined,
                            "selected": undefined,
                          }
                        }
                        accessibilityValue={
                          {
                            "max": undefined,
                            "min": undefined,
                            "now": undefined,
                            "text": undefined,
                          }
                        }
                        accessible={true}
                        collapsable={false}
                        focusable={true}
                        onClick={[Function]}
                        onResponderGrant={[Function]}
                        onResponderMove={[Function]}
                        onResponderRelease={[Function]}
                        onResponderTerminate={[Function]}
                        onResponderTerminationRequest={[Function]}
                        onStartShouldSetResponder={[Function]}
                        style={
                          {
                            "alignItems": "center",
                            "justifyContent": "center",
                            "opacity": 1,
                            "padding": 8,
                          }
                        }
                        testID="com.ariesbifold:id/PINInput2VisibilityButton"
                      >
                        <Text
                          allowFontScaling={false}
                          selectable={false}
                          style={
                            [
                              {
                                "color": "#313132",
                                "fontSize": 32,
                              },
                              undefined,
                              {
                                "fontFamily": "Material Design Icons",
                                "fontStyle": "normal",
                                "fontWeight": "normal",
                              },
                              {},
                            ]
                          }
                        >
                          󰈉
                        </Text>
                      </View>
                    </View>
                  </View>
                </View>
                <View
                  style={
                    {
                      "borderLeftColor": "#FCBA19",
                      "borderLeftWidth": 8,
                      "paddingLeft": 16,
                    }
                  }
                >
                  <View
                    style={
                      {
                        "alignItems": "center",
                        "flexDirection": "row",
                        "gap": 8,
                        "marginBottom": 8,
                      }
                    }
                  >
                    <Text
                      maxFontSizeMultiplier={2}
                      style={
                        [
                          {
                            "color": "#313132",
                            "fontFamily": "BCSans-Regular",
                            "fontSize": 18,
                            "fontWeight": "bold",
                          },
                          {
                            "color": "#313132",
                          },
                        ]
                      }
                    >
                      BCSC.PIN.ThisPINIsUnique
                    </Text>
                    <Text
                      allowFontScaling={false}
                      selectable={false}
                      style={
                        [
                          {
                            "color": "#313132",
                            "fontSize": 24,
                          },
                          undefined,
                          {
                            "fontFamily": "Material Design Icons",
                            "fontStyle": "normal",
                            "fontWeight": "normal",
                          },
                          {},
                        ]
                      }
                    >
                      󰋽
                    </Text>
                  </View>
                  <Text
                    maxFontSizeMultiplier={2}
                    style={
                      [
                        {
                          "color": "#313132",
                          "fontFamily": "BCSans-Regular",
                          "fontSize": 18,
                          "fontWeight": "normal",
                        },
                        undefined,
                      ]
                    }
                  >
                    <Text
                      maxFontSizeMultiplier={2}
                      style={
                        [
                          {
                            "color": "#313132",
                            "fontFamily": "BCSans-Regular",
                            "fontSize": 18,
                            "fontWeight": "bold",
                          },
                          undefined,
                        ]
                      }
                    >
                      BCSC.PIN.RememberPINWarning
                    </Text>
                     
                    BCSC.PIN.RememberPINDescription
                  </Text>
                </View>
                <View
                  style={
                    {
                      "marginHorizontal": -8,
                    }
                  }
                >
                  <View
                    style={
                      {
                        "alignItems": "center",
                        "flexDirection": "row",
                        "margin": 10,
                      }
                    }
                  >
                    <View
                      accessibilityLabel="BCSC.PIN.IUnderstand"
                      accessibilityRole="checkbox"
                      accessibilityState={
                        {
                          "busy": undefined,
                          "checked": false,
                          "disabled": undefined,
                          "expanded": undefined,
                          "selected": undefined,
                        }
                      }
                      accessibilityValue={
                        {
                          "max": undefined,
                          "min": undefined,
                          "now": undefined,
                          "text": undefined,
                        }
                      }
                      accessible={true}
                      collapsable={false}
                      focusable={true}
                      hitSlop={
                        {
                          "bottom": 44,
                          "left": 44,
                          "right": 44,
                          "top": 44,
                        }
                      }
                      onClick={[Function]}
                      onResponderGrant={[Function]}
                      onResponderMove={[Function]}
                      onResponderRelease={[Function]}
                      onResponderTerminate={[Function]}
                      onResponderTerminationRequest={[Function]}
                      onStartShouldSetResponder={[Function]}
                      style={
                        {
                          "opacity": 1,
                        }
                      }
                      testID="com.ariesbifold:id/IUnderstand"
                    >
                      <Text
                        allowFontScaling={false}
                        selectable={false}
                        style={
                          [
                            {
                              "color": "#003366",
                              "fontSize": 36,
                            },
                            undefined,
                            {
                              "fontFamily": "Material Icons",
                              "fontStyle": "normal",
                              "fontWeight": "normal",
                            },
                            {},
                          ]
                        }
                      >
                        
                      </Text>
                    </View>
                    <Text
                      maxFontSizeMultiplier={2}
                      style={
                        [
                          {
                            "color": "#313132",
                            "fontFamily": "BCSans-Regular",
                            "fontSize": 18,
                            "fontWeight": "normal",
                          },
                          [
                            {
                              "color": "#313132",
                              "flexShrink": 1,
                              "fontFamily": "BCSans-Regular",
                              "fontSize": 18,
                              "fontWeight": "normal",
                              "marginLeft": 10,
                              "marginRight": 0,
                            },
                            {
                              "marginLeft": 16,
                            },
                          ],
                        ]
                      }
                    >
                      BCSC.PIN.IUnderstand
                    </Text>
                  </View>
                </View>
              </View>
            </View>
            <View
              style={
                [
                  [
                    {
                      "gap": 16,
                    },
                    false,
                    undefined,
                  ],
                  {
                    "marginTop": "auto",
                  },
                ]
              }
            >
              <View
                style={
                  {
                    "flexGrow": 1,
                    "width": "100%",
                  }
                }
              >
                <View
                  style={
                    {
                      "left": 0,
                      "position": "absolute",
                      "right": 0,
                      "shadowColor": "#000",
                      "shadowOffset": {
                        "height": -3,
                        "width": 0,
                      },
                      "shadowOpacity": 0.9,
                      "shadowRadius": 3,
                      "top": 0,
                      "zIndex": -1,
                    }
                  }
                >
                  <View
                    style={
                      {
                        "backgroundColor": "#F2F2F2",
                        "height": 1,
                      }
                    }
                  />
                </View>
                <View
                  style={
                    {
                      "backgroundColor": "#F2F2F2",
                      "flexGrow": 1,
                      "gap": 8,
                      "padding": 24,
                    }
                  }
                >
                  <View
                    accessibilityLabel="BCSC.PIN.CreatePINShort"
                    accessibilityRole="button"
                    accessibilityState={
                      {
                        "busy": undefined,
                        "checked": undefined,
                        "disabled": true,
                        "expanded": undefined,
                        "selected": undefined,
                      }
                    }
                    accessibilityValue={
                      {
                        "max": undefined,
                        "min": undefined,
                        "now": undefined,
                        "text": undefined,
                      }
                    }
                    accessible={true}
                    collapsable={false}
                    focusable={false}
                    onClick={[Function]}
                    onResponderGrant={[Function]}
                    onResponderMove={[Function]}
                    onResponderRelease={[Function]}
                    onResponderTerminate={[Function]}
                    onResponderTerminationRequest={[Function]}
                    onStartShouldSetResponder={[Function]}
                    style={
                      {
                        "backgroundColor": "#757575",
                        "borderRadius": 4,
                        "opacity": 1,
                        "padding": 16,
                      }
                    }
                    testID="com.ariesbifold:id/CreatePIN"
                  >
                    <View
                      style={
                        {
                          "alignItems": "center",
                          "flexDirection": "row",
                          "justifyContent": "center",
                        }
                      }
                    >
                      <Text
                        maxFontSizeMultiplier={2}
                        style={
                          [
                            {
                              "color": "#313132",
                              "fontFamily": "BCSans-Regular",
                              "fontSize": 18,
                              "fontWeight": "normal",
                            },
                            [
                              {
                                "color": "#FFFFFF",
                                "fontFamily": "BCSans-Regular",
                                "fontSize": 18,
                                "fontWeight": "bold",
                                "textAlign": "center",
                              },
                              {
                                "color": "#FFFFFF",
                                "fontFamily": "BCSans-Regular",
                                "fontSize": 18,
                                "fontWeight": "bold",
                                "textAlign": "center",
                              },
                              false,
                            ],
                          ]
                        }
                      >
                        BCSC.PIN.CreatePINShort
                      </Text>
                    </View>
                  </View>
                </View>
              </View>
            </View>
          </View>
        </RCTScrollView>
      </View>
    </RNCSafeAreaView>
  </View>,
  <View
    accessible={false}
    importantForAccessibility="no-hide-descendants"
    style={
      {
        "display": "none",
        "pointerEvents": "none",
      }
    }
    testID="com.ariesbifold:id/BCSCLoadingProviderOverlay"
  >
    <RNCSafeAreaView
      edges={
        {
          "bottom": "additive",
          "left": "additive",
          "right": "additive",
          "top": "additive",
        }
      }
      style={
        {
          "backgroundColor": "#F2F2F2",
          "flex": 1,
        }
      }
      testID="com.ariesbifold:id/LoadingScreenContent"
    >
      <View
        style={
          {
            "alignItems": "center",
            "flex": 1,
            "gap": 24,
            "justifyContent": "center",
          }
        }
      >
        <RNSVGSvgView
          align="xMidYMid"
          bbHeight={113}
          bbWidth={113}
          fill="none"
          focusable={false}
          height={113}
          meetOrSlice={0}
          minX={0}
          minY={0}
          style={
            [
              {
                "backgroundColor": "transparent",
                "borderWidth": 0,
              },
              {
                "flex": 0,
                "height": 113,
                "width": 113,
              },
            ]
          }
          vbHeight={113}
          vbWidth={113}
          width={113}
        >
          <RNSVGGroup
            fill={null}
            propList={
              [
                "fill",
              ]
            }
          >
            <RNSVGDefs>
              <RNSVGClipPath
                fill={
                  {
                    "payload": 4278190080,
                    "type": 0,
                  }
                }
                name="clip0_369_1738"
              >
                <RNSVGRect
                  fill={
                    {
                      "payload": 4294967295,
                      "type": 0,
                    }
                  }
                  height="113"
                  propList={
                    [
                      "fill",
                    ]
                  }
                  width="113"
                  x={0}
                  y={0}
                />
              </RNSVGClipPath>
            </RNSVGDefs>
            <RNSVGGroup
              clipPath="clip0_369_1738"
              fill={
                {
                  "payload": 4278190080,
                  "type": 0,
                }
              }
            >
              <RNSVGPath
                d="M56.5969 112.989C87.7416 112.989 112.989 87.7416 112.989 56.5969C112.989 25.4523 87.7416 0.20459 56.5969 0.20459C25.4523 0.20459 0.20459 25.4523 0.20459 56.5969C0.20459 87.7416 25.4523 112.989 56.5969 112.989Z"
                fill={
                  {
                    "payload": 4294558818,
                    "type": 0,
                  }
                }
                opacity={1}
                propList={
                  [
                    "fill",
                  ]
                }
              />
              <RNSVGPath
                d="M56.5969 112.989C87.7416 112.989 112.989 87.7416 112.989 56.5969C112.989 25.4523 87.7416 0.20459 56.5969 0.20459C25.4523 0.20459 0.20459 25.4523 0.20459 56.5969C0.20459 87.7416 25.4523 112.989 56.5969 112.989Z"
                fill={
                  {
                    "payload": 4278265420,
                    "type": 0,
                  }
                }
                opacity={0}
                propList={
                  [
                    "fill",
                  ]
                }
              />
              <RNSVGPath
                d="M112.985 56.5969C112.985 87.7377 87.7378 112.985 56.5969 112.985C25.4561 112.985 0.20459 87.7377 0.20459 56.5969C0.20459 53.1345 0.51563 49.7458 1.11315 46.4594L13.3051 41.0613L17.1317 43.0953L20.2871 44.0693L20.4549 44.0243C20.4549 44.0243 23.7086 42.5305 24.5271 42.0148L29.3155 47.0611C29.3155 47.0611 39.7107 55.2995 40.0136 55.2995C40.3165 55.2995 49.1893 50.151 49.1893 50.151L57.1372 44.6914L64.066 49.7376L69.2636 50.769L74.1052 54.2723C74.1052 54.2723 86.7269 45.8333 88.7732 44.8019L94.8139 47.1552L103.797 40.8525L111.864 45.3503C112.6 48.9846 112.985 52.7457 112.985 56.5969Z"
                fill={
                  {
                    "payload": 4280500341,
                    "type": 0,
                  }
                }
                propList={
                  [
                    "fill",
                  ]
                }
              />
              <RNSVGMask
                fill={
                  {
                    "payload": 4278190080,
                    "type": 0,
                  }
                }
                height="113"
                maskContentUnits={1}
                maskType={0}
                maskUnits={0}
                name="mask0_369_1738"
                width="113"
                x="0"
                y="0"
              >
                <RNSVGPath
                  d="M56.5969 112.989C87.7416 112.989 112.989 87.7416 112.989 56.5969C112.989 25.4523 87.7416 0.20459 56.5969 0.20459C25.4523 0.20459 0.20459 25.4523 0.20459 56.5969C0.20459 87.7416 25.4523 112.989 56.5969 112.989Z"
                  fill={
                    {
                      "payload": 4292467161,
                      "type": 0,
                    }
                  }
                  propList={
                    [
                      "fill",
                    ]
                  }
                />
              </RNSVGMask>
              <RNSVGGroup
                fill={
                  {
                    "payload": 4278190080,
                    "type": 0,
                  }
                }
                mask="mask0_369_1738"
              >
                <RNSVGGroup
                  fill={
                    {
                      "payload": 4278190080,
                      "type": 0,
                    }
                  }
                  matrix={
                    [
                      1,
                      0,
                      0,
                      1,
                      0,
                      0,
                    ]
                  }
                >
                  <RNSVGPath
                    d="M240.917 81.6561C211.364 81.6561 211.364 70.1968 181.815 70.1968C152.262 70.1968 152.262 81.6561 122.713 81.6561C93.1606 81.6561 93.1606 70.1968 63.6077 70.1968C34.0548 70.1968 34.0548 81.6561 4.50195 81.6561V123.278H240.921V81.6561H240.917Z"
                    fill={
                      {
                        "payload": 4285971199,
                        "type": 0,
                      }
                    }
                    propList={
                      [
                        "fill",
                      ]
                    }
                  />
                  <RNSVGPath
                    d="M240.917 81.6561C211.364 81.6561 211.364 70.1968 181.815 70.1968C152.262 70.1968 152.262 81.6561 122.713 81.6561C93.1606 81.6561 93.1606 70.1968 63.6077 70.1968C34.0548 70.1968 34.0548 81.6561 4.50195 81.6561V123.278H240.921V81.6561H240.917Z"
                    fill={
                      {
                        "payload": 4285971199,
                        "type": 0,
                      }
                    }
                    matrix={
                      [
                        1,
                        0,
                        0,
                        1,
                        236,
                        0,
                      ]
                    }
                    propList={
                      [
                        "fill",
                      ]
                    }
                  />
                </RNSVGGroup>
              </RNSVGGroup>
            </RNSVGGroup>
          </RNSVGGroup>
        </RNSVGSvgView>
        <View
          style={
            {
              "padding": 24,
            }
          }
        >
          <Text
            maxFontSizeMultiplier={2}
            style={
              [
                {
                  "color": "#313132",
                  "fontFamily": "BCSans-Regular",
                  "fontSize": 21,
                  "fontWeight": "bold",
                },
                {
                  "textAlign": "center",
                },
              ]
            }
          >
            BCSC.Loading.DefaultMessage
          </Text>
        </View>
      </View>
    </RNCSafeAreaView>
  </View>,
]
`;
