// Jest Snapshot v1, https://goo.gl/fbAQLP

exports[`EvidenceTypeList renders correctly 1`] = `
<RNCSafeAreaView
  edges={
    {
      "bottom": "additive",
      "left": "additive",
      "right": "additive",
      "top": "off",
    }
  }
  style={
    [
      {
        "backgroundColor": "#F2F2F2",
        "flex": 1,
      },
      undefined,
    ]
  }
>
  <RCTScrollView
    contentContainerStyle={
      [
        false,
        {
          "flexGrow": 1,
          "gap": 24,
          "padding": 24,
        },
      ]
    }
    showsVerticalScrollIndicator={false}
  >
    <View>
      <View
        style={
          {
            "gap": 8,
          }
        }
      >
        <Text
          maxFontSizeMultiplier={2}
          style={
            [
              {
                "color": "#313132",
                "fontFamily": "BCSans-Regular",
                "fontSize": 26,
                "fontWeight": "bold",
              },
              undefined,
            ]
          }
        >
          BCSC.EvidenceTypeList.FirstID
        </Text>
      </View>
    </View>
  </RCTScrollView>
</RNCSafeAreaView>
`;
