// Jest Snapshot v1, https://goo.gl/fbAQLP

exports[`CredentialDetailsSubHeader Component renders the information card for a Digital Services Card credential 1`] = `
<View
  style={
    {
      "padding": 24,
    }
  }
>
  <View
    style={
      {
        "backgroundColor": "#003366",
        "borderRadius": 4,
        "display": "flex",
        "padding": 16,
      }
    }
  >
    <View
      style={
        {
          "alignItems": "center",
          "display": "flex",
          "flexDirection": "row",
          "paddingBottom": 4,
        }
      }
    >
      <Text
        allowFontScaling={false}
        selectable={false}
        style={
          [
            {
              "color": "#FFFFFF",
              "fontSize": 24,
            },
            {
              "marginRight": 8,
            },
            {
              "fontFamily": "Material Design Icons",
              "fontStyle": "normal",
              "fontWeight": "normal",
            },
            {},
          ]
        }
      >
        󰋽
      </Text>
      <Text
        maxFontSizeMultiplier={2}
        style={
          [
            {
              "color": "#313132",
              "fontFamily": "BCSans-Regular",
              "fontSize": 18,
              "fontWeight": "normal",
            },
            {
              "color": "#FFFFFF",
              "flex": 1,
              "fontSize": 14,
              "fontWeight": "bold",
              "lineHeight": 21,
            },
          ]
        }
      >
        Credentials.NotAnIDInfoTitle
      </Text>
    </View>
    <Text
      maxFontSizeMultiplier={2}
      style={
        [
          {
            "color": "#313132",
            "fontFamily": "BCSans-Regular",
            "fontSize": 18,
            "fontWeight": "normal",
          },
          {
            "fontSize": 12,
            "lineHeight": 18,
            "marginLeft": 32,
          },
        ]
      }
    >
      Credentials.NotAnIDInfoDescription
    </Text>
  </View>
</View>
`;
